[2026-07-12 21:26:12] [INFO]: Swagger API documentation initialized under /api-docs
[2026-07-12 21:26:12] [INFO]: Server started successfully on port 5000 in development mode
[2026-07-13 21:27:01] [INFO]: Swagger API documentation initialized under /api-docs
[2026-07-13 21:27:01] [INFO]: Server started successfully on port 5000 in development mode
[2026-07-13 21:49:58] [INFO]: Swagger API documentation initialized under /api-docs
[2026-07-13 21:49:59] [INFO]: Server started successfully on port 5000 in development mode
[2026-07-13 21:54:10] [INFO]: Swagger API documentation initialized under /api-docs
[2026-07-13 21:54:11] [INFO]: Server started successfully on port 5000 in development mode
[2026-07-13 21:54:15] [INFO]: Swagger API documentation initialized under /api-docs
[2026-07-13 21:54:15] [INFO]: Server started successfully on port 5000 in development mode
[2026-07-13 21:54:41] [INFO]: Swagger API documentation initialized under /api-docs
[2026-07-13 21:54:41] [INFO]: Server started successfully on port 5000 in development mode
[2026-07-13 21:55:28] [INFO]: Swagger API documentation initialized under /api-docs
[2026-07-13 21:55:28] [INFO]: Server started successfully on port 5000 in development mode
[2026-07-13 21:55:39] [INFO]: [0mGET /api/vehicles [0m-[0m - ms - -[0m
[2026-07-13 21:55:43] [INFO]: [0mGET /api/vehicles [32m200[0m 16.768 ms - 4364[0m
[2026-07-13 21:55:43] [INFO]: [0mGET /api/vehicles [36m304[0m 12.428 ms - -[0m
[2026-07-13 21:57:03] [INFO]: [0mGET / [32m200[0m 0.584 ms - 144[0m
[2026-07-13 21:57:04] [INFO]: [AUTH] User logged in: admin@autorent.vn
[2026-07-13 21:57:04] [INFO]: [0mPOST /api/auth/login [32m200[0m 148.441 ms - 544[0m
[2026-07-13 21:57:04] [INFO]: [0mGET /api/vehicles [32m200[0m 10.039 ms - 4364[0m
[2026-07-13 21:58:33] [INFO]: [0mGET /api/vehicles [36m304[0m 7.735 ms - -[0m
[2026-07-13 21:58:33] [INFO]: [0mGET /api/vehicles [36m304[0m 12.589 ms - -[0m
[2026-07-13 21:58:34] [INFO]: [0mGET /api/vehicles [36m304[0m 6.503 ms - -[0m
[2026-07-13 21:58:34] [INFO]: [0mGET /api/vehicles [36m304[0m 7.436 ms - -[0m
[2026-07-13 21:59:04] [INFO]: [AUTH] User logged in: admin@autorent.vn
[2026-07-13 21:59:04] [INFO]: [0mPOST /api/auth/login [32m200[0m 185.721 ms - 544[0m
[2026-07-13 21:59:05] [INFO]: [0mGET /api/bookings [32m200[0m 25.779 ms - 142[0m
[2026-07-13 21:59:05] [INFO]: [0mGET /api/bookings [36m304[0m 15.332 ms - -[0m
[2026-07-13 21:59:05] [INFO]: [0mGET /api/dashboard/stats [32m200[0m 70.758 ms - 971[0m
[2026-07-13 21:59:05] [INFO]: [0mGET /api/dashboard/stats [36m304[0m 27.972 ms - -[0m
[2026-07-13 22:06:53] [INFO]: Swagger API documentation initialized under /api-docs
[2026-07-13 22:06:53] [INFO]: Server started successfully on port 5000 in development mode
[2026-07-13 22:07:20] [INFO]: Swagger API documentation initialized under /api-docs
[2026-07-13 22:07:20] [INFO]: Server started successfully on port 5000 in development mode
[2026-07-13 22:07:26] [INFO]: Swagger API documentation initialized under /api-docs
[2026-07-13 22:07:26] [INFO]: Server started successfully on port 5000 in development mode
[2026-07-13 22:07:32] [INFO]: Swagger API documentation initialized under /api-docs
[2026-07-13 22:07:32] [INFO]: Server started successfully on port 5000 in development mode
[2026-07-13 22:07:49] [INFO]: Swagger API documentation initialized under /api-docs
[2026-07-13 22:07:49] [INFO]: Server started successfully on port 5000 in development mode
[2026-07-13 22:07:53] [INFO]: Swagger API documentation initialized under /api-docs
[2026-07-13 22:07:53] [INFO]: Server started successfully on port 5000 in development mode
[2026-07-13 22:07:59] [INFO]: Swagger API documentation initialized under /api-docs
[2026-07-13 22:07:59] [INFO]: Server started successfully on port 5000 in development mode
[2026-07-13 22:08:04] [INFO]: Swagger API documentation initialized under /api-docs
[2026-07-13 22:08:05] [INFO]: Server started successfully on port 5000 in development mode
[2026-07-13 22:08:17] [INFO]: Swagger API documentation initialized under /api-docs
[2026-07-13 22:08:17] [INFO]: Server started successfully on port 5000 in development mode
[2026-07-13 22:08:21] [INFO]: Swagger API documentation initialized under /api-docs
[2026-07-13 22:08:21] [INFO]: Server started successfully on port 5000 in development mode
[2026-07-13 22:08:26] [INFO]: Swagger API documentation initialized under /api-docs
[2026-07-13 22:08:26] [INFO]: Server started successfully on port 5000 in development mode
[2026-07-13 22:08:32] [INFO]: Swagger API documentation initialized under /api-docs
[2026-07-13 22:08:32] [INFO]: Server started successfully on port 5000 in development mode
[2026-07-13 22:08:38] [INFO]: Swagger API documentation initialized under /api-docs
[2026-07-13 22:08:38] [INFO]: Server started successfully on port 5000 in development mode
[2026-07-13 22:08:41] [INFO]: Swagger API documentation initialized under /api-docs
[2026-07-13 22:08:41] [INFO]: Server started successfully on port 5000 in development mode
[2026-07-13 22:09:14] [INFO]: Swagger API documentation initialized under /api-docs
[2026-07-13 22:09:14] [INFO]: Server started successfully on port 5000 in development mode
[2026-07-13 22:09:26] [INFO]: Swagger API documentation initialized under /api-docs
[2026-07-13 22:09:26] [INFO]: Server started successfully on port 5000 in development mode
[2026-07-13 22:09:29] [INFO]: Swagger API documentation initialized under /api-docs
[2026-07-13 22:09:30] [INFO]: Server started successfully on port 5000 in development mode
[2026-07-13 22:09:33] [INFO]: Swagger API documentation initialized under /api-docs
[2026-07-13 22:09:33] [INFO]: Server started successfully on port 5000 in development mode
[2026-07-13 22:09:43] [INFO]: Swagger API documentation initialized under /api-docs
[2026-07-13 22:09:43] [INFO]: Server started successfully on port 5000 in development mode
[2026-07-13 22:10:21] [INFO]: Swagger API documentation initialized under /api-docs
[2026-07-13 22:10:21] [INFO]: Server started successfully on port 5000 in development mode
[2026-07-13 22:10:38] [INFO]: Swagger API documentation initialized under /api-docs
[2026-07-13 22:10:38] [INFO]: Server started successfully on port 5000 in development mode
[2026-07-13 22:10:43] [INFO]: Swagger API documentation initialized under /api-docs
[2026-07-13 22:10:43] [INFO]: Server started successfully on port 5000 in development mode
[2026-07-13 22:10:51] [INFO]: Swagger API documentation initialized under /api-docs
[2026-07-13 22:10:51] [INFO]: Server started successfully on port 5000 in development mode
[2026-07-13 22:10:55] [INFO]: Swagger API documentation initialized under /api-docs
[2026-07-13 22:10:55] [INFO]: Server started successfully on port 5000 in development mode
[2026-07-13 22:10:59] [INFO]: Swagger API documentation initialized under /api-docs
[2026-07-13 22:10:59] [INFO]: Server started successfully on port 5000 in development mode
[2026-07-13 22:11:03] [INFO]: Swagger API documentation initialized under /api-docs
[2026-07-13 22:11:03] [INFO]: Server started successfully on port 5000 in development mode
[2026-07-13 22:11:08] [INFO]: Swagger API documentation initialized under /api-docs
[2026-07-13 22:11:08] [INFO]: Server started successfully on port 5000 in development mode
[2026-07-13 22:11:15] [INFO]: Swagger API documentation initialized under /api-docs
[2026-07-13 22:11:15] [INFO]: Server started successfully on port 5000 in development mode
[2026-07-13 22:12:23] [INFO]: Swagger API documentation initialized under /api-docs
[2026-07-13 22:12:23] [INFO]: Server started successfully on port 5000 in development mode
[2026-07-13 22:12:33] [INFO]: Swagger API documentation initialized under /api-docs
[2026-07-13 22:12:33] [INFO]: Server started successfully on port 5000 in development mode
[2026-07-13 22:12:42] [INFO]: Swagger API documentation initialized under /api-docs
[2026-07-13 22:12:42] [INFO]: Server started successfully on port 5000 in development mode
[2026-07-13 22:12:46] [INFO]: Swagger API documentation initialized under /api-docs
[2026-07-13 22:12:46] [INFO]: Server started successfully on port 5000 in development mode
[2026-07-13 22:12:56] [INFO]: Swagger API documentation initialized under /api-docs
[2026-07-13 22:12:56] [INFO]: Server started successfully on port 5000 in development mode
[2026-07-13 22:13:17] [INFO]: Swagger API documentation initialized under /api-docs
[2026-07-13 22:13:17] [INFO]: Server started successfully on port 5000 in development mode
[2026-07-13 22:13:23] [INFO]: Swagger API documentation initialized under /api-docs
[2026-07-13 22:13:23] [INFO]: Server started successfully on port 5000 in development mode
[2026-07-13 22:13:27] [INFO]: Swagger API documentation initialized under /api-docs
[2026-07-13 22:13:27] [INFO]: Server started successfully on port 5000 in development mode
[2026-07-13 22:13:42] [INFO]: Swagger API documentation initialized under /api-docs
[2026-07-13 22:13:42] [INFO]: Server started successfully on port 5000 in development mode
[2026-07-13 22:13:49] [INFO]: Swagger API documentation initialized under /api-docs
[2026-07-13 22:13:49] [INFO]: Server started successfully on port 5000 in development mode
[2026-07-13 22:14:35] [INFO]: Swagger API documentation initialized under /api-docs
[2026-07-13 22:14:35] [INFO]: [0mGET / [32m200[0m 10.244 ms - 144[0m
[2026-07-13 22:14:35] [ERROR]: POST /api/auth/login - Error: Email hoặc mật khẩu không chính xác
[2026-07-13 22:14:35] [INFO]: [0mPOST /api/auth/login [33m401[0m 36.048 ms - 74[0m
[2026-07-13 22:14:44] [INFO]: Swagger API documentation initialized under /api-docs
[2026-07-13 22:14:44] [INFO]: Server started successfully on port 5000 in development mode
[2026-07-13 22:15:01] [INFO]: Swagger API documentation initialized under /api-docs
[2026-07-13 22:15:02] [INFO]: [0mGET / [32m200[0m 6.558 ms - 137[0m
[2026-07-13 22:15:02] [ERROR]: POST /api/auth/login - Error: Email hoặc mật khẩu không chính xác
[2026-07-13 22:15:02] [INFO]: [0mPOST /api/auth/login [33m401[0m 30.925 ms - 74[0m
[2026-07-13 22:15:21] [INFO]: Swagger API documentation initialized under /api-docs
[2026-07-13 22:15:22] [INFO]: [0mGET / [32m200[0m 4.507 ms - 137[0m
[2026-07-13 22:15:22] [ERROR]: POST /api/auth/login - Error: Email hoặc mật khẩu không chính xác
[2026-07-13 22:15:22] [INFO]: [0mPOST /api/auth/login [33m401[0m 24.113 ms - 74[0m
[2026-07-13 22:15:46] [INFO]: Swagger API documentation initialized under /api-docs
[2026-07-13 22:15:46] [INFO]: Server started successfully on port 5000 in development mode
[2026-07-13 22:16:11] [INFO]: Swagger API documentation initialized under /api-docs
[2026-07-13 22:16:12] [INFO]: [0mGET / [32m200[0m 4.382 ms - 137[0m
[2026-07-13 22:16:12] [INFO]: [0mGET /api/health [32m200[0m 21.247 ms - 109[0m
[2026-07-13 22:16:12] [ERROR]: POST /api/auth/login - Error: Email hoặc mật khẩu không chính xác
[2026-07-13 22:16:12] [INFO]: [0mPOST /api/auth/login [33m401[0m 12.666 ms - 74[0m
[2026-07-13 22:16:29] [INFO]: Swagger API documentation initialized under /api-docs
[2026-07-13 22:16:29] [INFO]: Server started successfully on port 5000 in development mode
[2026-07-13 22:16:34] [INFO]: Swagger API documentation initialized under /api-docs
[2026-07-13 22:16:34] [INFO]: Server started successfully on port 5000 in development mode
[2026-07-13 22:16:48] [INFO]: Swagger API documentation initialized under /api-docs
[2026-07-13 22:16:48] [INFO]: Server started successfully on port 5000 in development mode
[2026-07-13 22:17:02] [INFO]: Swagger API documentation initialized under /api-docs
[2026-07-13 22:17:02] [INFO]: [0mGET / [32m200[0m 4.794 ms - 137[0m
[2026-07-13 22:17:02] [INFO]: [0mGET /api/health [32m200[0m 34.996 ms - 109[0m
[2026-07-13 22:17:02] [ERROR]: POST /api/auth/login - Error: Email hoặc mật khẩu không chính xác
[2026-07-13 22:17:02] [INFO]: [0mPOST /api/auth/login [33m401[0m 14.086 ms - 74[0m
[2026-07-13 22:23:12] [INFO]: Swagger API documentation initialized under /api-docs
[2026-07-13 22:23:12] [INFO]: Server started successfully on port 5000 in development mode
[2026-07-13 22:24:15] [INFO]: Swagger API documentation initialized under /api-docs
[2026-07-13 22:24:15] [INFO]: Server started successfully on port 5000 in development mode
[2026-07-13 22:24:39] [INFO]: Swagger API documentation initialized under /api-docs
[2026-07-13 22:24:39] [INFO]: Server started successfully on port 5000 in development mode
[2026-07-13 22:25:23] [INFO]: [0mGET /api/health [32m200[0m 39.825 ms - 109[0m
[2026-07-13 22:25:23] [INFO]: [0mGET /favicon.ico [33m404[0m 3.230 ms - 150[0m
[2026-07-13 22:26:54] [INFO]: [0mGET /api-docs [36m301[0m 5.855 ms - 158[0m
[2026-07-13 22:26:54] [INFO]: [0mGET /api-docs/ [32m200[0m 5.028 ms - 3106[0m
[2026-07-13 22:26:54] [INFO]: [0mGET /api-docs/swagger-ui-init.js [32m200[0m 0.881 ms - 26769[0m
[2026-07-13 22:26:54] [INFO]: [0mGET /api-docs/swagger-ui.css [32m200[0m 9.072 ms - 178977[0m
[2026-07-13 22:26:54] [INFO]: [0mGET /api-docs/swagger-ui-standalone-preset.js [32m200[0m 11.038 ms - 256694[0m
[2026-07-13 22:26:54] [INFO]: [0mGET /api-docs/swagger-ui-bundle.js [32m200[0m 15.386 ms - 1537593[0m
[2026-07-13 22:26:55] [INFO]: [0mGET /api-docs/favicon-32x32.png [32m200[0m 1.569 ms - 628[0m
[2026-07-13 22:36:18] [INFO]: Swagger API documentation initialized under /api-docs
[2026-07-13 22:36:18] [INFO]: Server started successfully on port 5000 in development mode
[2026-07-13 22:36:49] [INFO]: Swagger API documentation initialized under /api-docs
[2026-07-13 22:36:49] [INFO]: Server started successfully on port 5000 in development mode
[2026-07-13 22:37:10] [INFO]: Swagger API documentation initialized under /api-docs
[2026-07-13 22:37:10] [INFO]: Server started successfully on port 5000 in development mode
[2026-07-13 22:37:19] [INFO]: Swagger API documentation initialized under /api-docs
[2026-07-13 22:37:19] [INFO]: Server started successfully on port 5000 in development mode
[2026-07-13 22:37:48] [INFO]: Swagger API documentation initialized under /api-docs
[2026-07-13 22:37:48] [INFO]: Server started successfully on port 5000 in development mode
[2026-07-13 22:38:41] [INFO]: Swagger API documentation initialized under /api-docs
[2026-07-13 22:38:41] [INFO]: Server started successfully on port 5000 in development mode
[2026-07-13 22:39:09] [INFO]: Swagger API documentation initialized under /api-docs
[2026-07-13 22:39:09] [INFO]: Server started successfully on port 5000 in development mode
[2026-07-13 22:40:33] [INFO]: Swagger API documentation initialized under /api-docs
[2026-07-13 22:40:33] [INFO]: Server started successfully on port 5000 in development mode
[2026-07-13 22:40:44] [INFO]: Swagger API documentation initialized under /api-docs
[2026-07-13 22:40:44] [INFO]: Server started successfully on port 5000 in development mode
[2026-07-13 22:40:59] [INFO]: Swagger API documentation initialized under /api-docs
[2026-07-13 22:40:59] [INFO]: Server started successfully on port 5000 in development mode
[2026-07-13 22:41:08] [INFO]: Swagger API documentation initialized under /api-docs
[2026-07-13 22:41:08] [INFO]: Server started successfully on port 5000 in development mode
[2026-07-13 22:41:22] [INFO]: Swagger API documentation initialized under /api-docs
[2026-07-13 22:41:22] [INFO]: Server started successfully on port 5000 in development mode
[2026-07-13 22:42:00] [INFO]: Swagger API documentation initialized under /api-docs
[2026-07-13 22:42:00] [INFO]: Server started successfully on port 5000 in development mode
[2026-07-13 22:42:22] [INFO]: Swagger API documentation initialized under /api-docs
[2026-07-13 22:42:22] [INFO]: Server started successfully on port 5000 in development mode
[2026-07-13 22:42:31] [INFO]: Swagger API documentation initialized under /api-docs
[2026-07-13 22:42:31] [INFO]: Server started successfully on port 5000 in development mode
[2026-07-13 22:42:50] [INFO]: Swagger API documentation initialized under /api-docs
[2026-07-13 22:42:50] [INFO]: Server started successfully on port 5000 in development mode
[2026-07-13 22:42:58] [INFO]: Swagger API documentation initialized under /api-docs
[2026-07-13 22:42:58] [INFO]: Server started successfully on port 5000 in development mode
[2026-07-13 22:45:03] [INFO]: Swagger API documentation initialized under /api-docs
[2026-07-13 22:45:03] [INFO]: Server started successfully on port 5000 in development mode
[2026-07-13 22:45:18] [INFO]: Swagger API documentation initialized under /api-docs
[2026-07-13 22:45:18] [INFO]: Server started successfully on port 5000 in development mode
[2026-07-13 22:45:29] [INFO]: Swagger API documentation initialized under /api-docs
[2026-07-13 22:45:29] [INFO]: Server started successfully on port 5000 in development mode
[2026-07-13 22:45:40] [INFO]: Swagger API documentation initialized under /api-docs
[2026-07-13 22:45:40] [INFO]: Server started successfully on port 5000 in development mode
[2026-07-13 22:45:56] [INFO]: Swagger API documentation initialized under /api-docs
[2026-07-13 22:45:56] [INFO]: Server started successfully on port 5000 in development mode
[2026-07-13 22:46:00] [INFO]: Swagger API documentation initialized under /api-docs
[2026-07-13 22:46:00] [INFO]: Server started successfully on port 5000 in development mode
[2026-07-13 22:46:15] [INFO]: Swagger API documentation initialized under /api-docs
[2026-07-13 22:46:15] [INFO]: Server started successfully on port 5000 in development mode
[2026-07-13 22:46:20] [INFO]: Swagger API documentation initialized under /api-docs
[2026-07-13 22:46:20] [INFO]: Server started successfully on port 5000 in development mode
[2026-07-13 22:47:11] [INFO]: Swagger API documentation initialized under /api-docs
[2026-07-13 22:47:11] [INFO]: Server started successfully on port 5000 in development mode
[2026-07-13 22:52:00] [INFO]: Swagger API documentation initialized under /api-docs
[2026-07-13 22:52:00] [INFO]: Server started successfully on port 5000 in development mode
[2026-07-13 22:53:09] [INFO]: Swagger API documentation initialized under /api-docs
[2026-07-13 22:53:09] [INFO]: Server started successfully on port 5000 in development mode
[2026-07-13 22:53:15] [INFO]: Swagger API documentation initialized under /api-docs
[2026-07-13 22:53:15] [INFO]: Server started successfully on port 5000 in development mode
[2026-07-13 22:53:22] [INFO]: Swagger API documentation initialized under /api-docs
[2026-07-13 22:53:22] [INFO]: Server started successfully on port 5000 in development mode
[2026-07-13 22:53:28] [INFO]: Swagger API documentation initialized under /api-docs
[2026-07-13 22:53:28] [INFO]: Server started successfully on port 5000 in development mode
[2026-07-13 22:53:33] [INFO]: Swagger API documentation initialized under /api-docs
[2026-07-13 22:53:33] [INFO]: Server started successfully on port 5000 in development mode
[2026-07-13 22:53:39] [INFO]: Swagger API documentation initialized under /api-docs
[2026-07-13 22:53:39] [INFO]: Server started successfully on port 5000 in development mode
[2026-07-13 22:53:43] [INFO]: Swagger API documentation initialized under /api-docs
[2026-07-13 22:53:43] [INFO]: Server started successfully on port 5000 in development mode
[2026-07-13 22:53:51] [INFO]: Swagger API documentation initialized under /api-docs
[2026-07-13 22:53:51] [INFO]: Server started successfully on port 5000 in development mode
[2026-07-13 22:53:55] [INFO]: Swagger API documentation initialized under /api-docs
[2026-07-13 22:53:55] [INFO]: Server started successfully on port 5000 in development mode
[2026-07-13 22:54:03] [INFO]: Swagger API documentation initialized under /api-docs
[2026-07-13 22:54:03] [INFO]: Server started successfully on port 5000 in development mode
[2026-07-13 22:54:08] [INFO]: Swagger API documentation initialized under /api-docs
[2026-07-13 22:54:08] [INFO]: Server started successfully on port 5000 in development mode
[2026-07-13 22:54:38] [INFO]: Swagger API documentation initialized under /api-docs
[2026-07-13 22:54:38] [INFO]: [0mGET / [32m200[0m 6.378 ms - 137[0m
[2026-07-13 22:54:38] [INFO]: [0mGET /api/health [32m200[0m 47.609 ms - 109[0m
[2026-07-13 22:54:38] [ERROR]: POST /api/auth/login - Error: Email hoặc mật khẩu không chính xác
[2026-07-13 22:54:38] [INFO]: [0mPOST /api/auth/login [33m401[0m 19.699 ms - 74[0m
[2026-07-13 22:56:10] [INFO]: Swagger API documentation initialized under /api-docs
[2026-07-13 22:56:10] [INFO]: [0mGET / [32m200[0m 3.736 ms - 137[0m
[2026-07-13 22:56:10] [INFO]: [0mGET /api/health [32m200[0m 29.095 ms - 109[0m
[2026-07-13 22:56:10] [ERROR]: POST /api/auth/login - Error: Email hoặc mật khẩu không chính xác
[2026-07-13 22:56:10] [INFO]: [0mPOST /api/auth/login [33m401[0m 18.575 ms - 74[0m
[2026-07-13 23:01:23] [INFO]: [0mGET /api-docs/ [36m304[0m 54.272 ms - -[0m
[2026-07-13 23:01:23] [INFO]: [0mGET /api-docs/swagger-ui.css [36m304[0m 4.335 ms - -[0m
[2026-07-13 23:01:23] [INFO]: [0mGET /api-docs/swagger-ui-bundle.js [36m304[0m 0.842 ms - -[0m
[2026-07-13 23:01:23] [INFO]: [0mGET /api-docs/swagger-ui-init.js [36m304[0m 0.728 ms - -[0m
[2026-07-13 23:01:23] [INFO]: [0mGET /api-docs/swagger-ui-standalone-preset.js [36m304[0m 5.005 ms - -[0m
[2026-07-13 23:01:34] [INFO]: [0mGET /api-docs/ [36m304[0m 0.753 ms - -[0m
[2026-07-13 23:01:34] [INFO]: [0mGET /api-docs/swagger-ui.css [36m304[0m 0.976 ms - -[0m
[2026-07-13 23:01:34] [INFO]: [0mGET /api-docs/swagger-ui-bundle.js [36m304[0m 6.184 ms - -[0m
[2026-07-13 23:01:34] [INFO]: [0mGET /api-docs/swagger-ui-standalone-preset.js [36m304[0m 5.509 ms - -[0m
[2026-07-13 23:01:34] [INFO]: [0mGET /api-docs/swagger-ui-init.js [36m304[0m 0.907 ms - -[0m
[2026-07-13 23:01:59] [INFO]: [0mGET /api-docs/ [36m304[0m 2.985 ms - -[0m
[2026-07-13 23:01:59] [INFO]: [0mGET /api-docs/swagger-ui.css [36m304[0m 1.189 ms - -[0m
[2026-07-13 23:01:59] [INFO]: [0mGET /api-docs/swagger-ui-bundle.js [36m304[0m 3.299 ms - -[0m
[2026-07-13 23:01:59] [INFO]: [0mGET /api-docs/swagger-ui-standalone-preset.js [36m304[0m 3.016 ms - -[0m
[2026-07-13 23:01:59] [INFO]: [0mGET /api-docs/swagger-ui-init.js [36m304[0m 0.753 ms - -[0m
[2026-07-13 23:01:59] [INFO]: [0mGET /api-docs/favicon-32x32.png [36m304[0m 0.668 ms - -[0m
[2026-07-13 23:08:31] [INFO]: Swagger API documentation initialized under /api-docs
[2026-07-13 23:08:31] [INFO]: Server started successfully on port 5000 in development mode
[2026-07-13 23:09:21] [INFO]: Swagger API documentation initialized under /api-docs
[2026-07-13 23:09:21] [INFO]: Server started successfully on port 5000 in development mode
[2026-07-13 23:09:28] [INFO]: Swagger API documentation initialized under /api-docs
[2026-07-13 23:09:28] [INFO]: Server started successfully on port 5000 in development mode
[2026-07-13 23:09:31] [INFO]: Swagger API documentation initialized under /api-docs
[2026-07-13 23:09:31] [INFO]: Server started successfully on port 5000 in development mode
[2026-07-13 23:09:37] [INFO]: Swagger API documentation initialized under /api-docs
[2026-07-13 23:09:37] [INFO]: Server started successfully on port 5000 in development mode
[2026-07-13 23:09:41] [INFO]: Swagger API documentation initialized under /api-docs
[2026-07-13 23:09:41] [INFO]: Server started successfully on port 5000 in development mode
[2026-07-13 23:09:50] [INFO]: Swagger API documentation initialized under /api-docs
[2026-07-13 23:09:50] [INFO]: Server started successfully on port 5000 in development mode
[2026-07-13 23:09:56] [INFO]: Swagger API documentation initialized under /api-docs
[2026-07-13 23:09:56] [INFO]: Server started successfully on port 5000 in development mode
[2026-07-13 23:09:59] [INFO]: Swagger API documentation initialized under /api-docs
[2026-07-13 23:09:59] [INFO]: Server started successfully on port 5000 in development mode
[2026-07-13 23:10:09] [INFO]: Swagger API documentation initialized under /api-docs
[2026-07-13 23:10:09] [INFO]: Server started successfully on port 5000 in development mode
[2026-07-13 23:11:30] [INFO]: Swagger API documentation initialized under /api-docs
[2026-07-13 23:11:30] [INFO]: Server started successfully on port 5000 in development mode
[2026-07-13 23:15:10] [INFO]: [0mGET /api/vehicles [36m304[0m 82.782 ms - -[0m
[2026-07-13 23:15:10] [INFO]: [0mGET /api/vehicles [36m304[0m 14.227 ms - -[0m
[2026-07-13 23:15:47] [INFO]: Swagger API documentation initialized under /api-docs
[2026-07-13 23:15:47] [INFO]: [0mGET / [32m200[0m 3.905 ms - 137[0m
[2026-07-13 23:15:47] [INFO]: [0mGET /api/health [32m200[0m 24.810 ms - 109[0m
[2026-07-13 23:15:47] [ERROR]: POST /api/auth/login - Error: Email hoặc mật khẩu không chính xác
[2026-07-13 23:15:47] [INFO]: [0mPOST /api/auth/login [33m401[0m 17.819 ms - 74[0m
[2026-07-20 20:11:53] [INFO]: Swagger API documentation initialized under /api-docs
[2026-07-20 20:11:53] [INFO]: Server started successfully on port 5000 in development mode
[2026-08-06 11:46:52] [INFO]: Swagger API documentation initialized under /api-docs
[2026-08-06 11:46:52] [INFO]: Server started successfully on port 5000 in development mode
[2026-08-06 11:48:39] [ERROR]: GET /api/vehicles - Error: 
Invalid `prisma.vehicles.findMany()` invocation in
D:\AutoRent\backend\src\repositories\vehicle.repository.ts:53:23

  50 
  51 static async findAll(options: { skip?: number; take?: number; orderBy?: any; where?: any }) {
  52   const [vehicles, total] = await Promise.all([
→ 53     prisma.vehicles.findMany(
Can't reach database server at `localhost:3306`

Please make sure your database server is running at `localhost:3306`.
[2026-08-06 11:48:39] [INFO]: [0mGET /api/vehicles [31m500[0m 4126.800 ms - 1765[0m
[2026-08-06 11:48:43] [ERROR]: GET /api/vehicles - Error: 
Invalid `prisma.vehicles.findMany()` invocation in
D:\AutoRent\backend\src\repositories\vehicle.repository.ts:53:23

  50 
  51 static async findAll(options: { skip?: number; take?: number; orderBy?: any; where?: any }) {
  52   const [vehicles, total] = await Promise.all([
→ 53     prisma.vehicles.findMany(
Can't reach database server at `localhost:3306`

Please make sure your database server is running at `localhost:3306`.
[2026-08-06 11:48:43] [INFO]: [0mGET /api/vehicles [31m500[0m 4097.808 ms - 1765[0m
[2026-08-06 12:13:34] [ERROR]: GET /api/vehicles - Error: 
Invalid `prisma.vehicles.findMany()` invocation in
D:\AutoRent\backend\src\repositories\vehicle.repository.ts:53:23

  50 
  51 static async findAll(options: { skip?: number; take?: number; orderBy?: any; where?: any }) {
  52   const [vehicles, total] = await Promise.all([
→ 53     prisma.vehicles.findMany(
Can't reach database server at `localhost:3306`

Please make sure your database server is running at `localhost:3306`.
[2026-08-06 12:13:34] [INFO]: [0mGET /api/vehicles [31m500[0m 4084.615 ms - 1765[0m
[2026-08-06 12:13:38] [ERROR]: GET /api/vehicles - Error: 
Invalid `prisma.vehicles.findMany()` invocation in
D:\AutoRent\backend\src\repositories\vehicle.repository.ts:53:23

  50 
  51 static async findAll(options: { skip?: number; take?: number; orderBy?: any; where?: any }) {
  52   const [vehicles, total] = await Promise.all([
→ 53     prisma.vehicles.findMany(
Can't reach database server at `localhost:3306`

Please make sure your database server is running at `localhost:3306`.
[2026-08-06 12:13:38] [INFO]: [0mGET /api/vehicles [31m500[0m 4122.463 ms - 1765[0m
[2026-08-06 12:19:05] [ERROR]: GET /api/vehicles - Error: 
Invalid `prisma.vehicles.findMany()` invocation in
D:\AutoRent\backend\src\repositories\vehicle.repository.ts:53:23

  50 
  51 static async findAll(options: { skip?: number; take?: number; orderBy?: any; where?: any }) {
  52   const [vehicles, total] = await Promise.all([
→ 53     prisma.vehicles.findMany(
Can't reach database server at `localhost:3306`

Please make sure your database server is running at `localhost:3306`.
[2026-08-06 12:19:05] [INFO]: [0mGET /api/vehicles [31m500[0m 4117.743 ms - 1765[0m
[2026-08-06 12:19:09] [ERROR]: GET /api/vehicles - Error: 
Invalid `prisma.vehicles.findMany()` invocation in
D:\AutoRent\backend\src\repositories\vehicle.repository.ts:53:23

  50 
  51 static async findAll(options: { skip?: number; take?: number; orderBy?: any; where?: any }) {
  52   const [vehicles, total] = await Promise.all([
→ 53     prisma.vehicles.findMany(
Can't reach database server at `localhost:3306`

Please make sure your database server is running at `localhost:3306`.
[2026-08-06 12:19:09] [INFO]: [0mGET /api/vehicles [31m500[0m 4085.378 ms - 1765[0m
[2026-08-06 12:20:30] [ERROR]: GET /api/vehicles - Error: 
Invalid `prisma.vehicles.findMany()` invocation in
D:\AutoRent\backend\src\repositories\vehicle.repository.ts:53:23

  50 
  51 static async findAll(options: { skip?: number; take?: number; orderBy?: any; where?: any }) {
  52   const [vehicles, total] = await Promise.all([
→ 53     prisma.vehicles.findMany(
Can't reach database server at `localhost:3306`

Please make sure your database server is running at `localhost:3306`.
[2026-08-06 12:20:30] [INFO]: [0mGET /api/vehicles [31m500[0m 4091.322 ms - 1765[0m
[2026-08-06 12:20:39] [ERROR]: GET /api/vehicles - Error: 
Invalid `prisma.vehicles.findMany()` invocation in
D:\AutoRent\backend\src\repositories\vehicle.repository.ts:53:23

  50 
  51 static async findAll(options: { skip?: number; take?: number; orderBy?: any; where?: any }) {
  52   const [vehicles, total] = await Promise.all([
→ 53     prisma.vehicles.findMany(
Can't reach database server at `localhost:3306`

Please make sure your database server is running at `localhost:3306`.
[2026-08-06 12:20:39] [INFO]: [0mGET /api/vehicles [31m500[0m 4118.779 ms - 1765[0m
[2026-08-06 12:20:52] [ERROR]: GET /api/vehicles - Error: 
Invalid `prisma.vehicles.findMany()` invocation in
D:\AutoRent\backend\src\repositories\vehicle.repository.ts:53:23

  50 
  51 static async findAll(options: { skip?: number; take?: number; orderBy?: any; where?: any }) {
  52   const [vehicles, total] = await Promise.all([
→ 53     prisma.vehicles.findMany(
Can't reach database server at `localhost:3306`

Please make sure your database server is running at `localhost:3306`.
[2026-08-06 12:20:52] [INFO]: [0mGET /api/vehicles [31m500[0m 4104.135 ms - 1765[0m
[2026-08-06 12:20:57] [ERROR]: GET /api/vehicles - Error: 
Invalid `prisma.vehicles.findMany()` invocation in
D:\AutoRent\backend\src\repositories\vehicle.repository.ts:53:23

  50 
  51 static async findAll(options: { skip?: number; take?: number; orderBy?: any; where?: any }) {
  52   const [vehicles, total] = await Promise.all([
→ 53     prisma.vehicles.findMany(
Can't reach database server at `localhost:3306`

Please make sure your database server is running at `localhost:3306`.
[2026-08-06 12:20:57] [INFO]: [0mGET /api/vehicles [31m500[0m 4135.853 ms - 1765[0m
[2026-08-06 12:21:08] [ERROR]: GET /api/vehicles - Error: 
Invalid `prisma.vehicles.findMany()` invocation in
D:\AutoRent\backend\src\repositories\vehicle.repository.ts:53:23

  50 
  51 static async findAll(options: { skip?: number; take?: number; orderBy?: any; where?: any }) {
  52   const [vehicles, total] = await Promise.all([
→ 53     prisma.vehicles.findMany(
Can't reach database server at `localhost:3306`

Please make sure your database server is running at `localhost:3306`.
[2026-08-06 12:21:08] [INFO]: [0mGET /api/vehicles [31m500[0m 4033.487 ms - 1765[0m
[2026-08-06 12:21:33] [ERROR]: GET /api/vehicles - Error: 
Invalid `prisma.vehicles.findMany()` invocation in
D:\AutoRent\backend\src\repositories\vehicle.repository.ts:53:23

  50 
  51 static async findAll(options: { skip?: number; take?: number; orderBy?: any; where?: any }) {
  52   const [vehicles, total] = await Promise.all([
→ 53     prisma.vehicles.findMany(
Can't reach database server at `localhost:3306`

Please make sure your database server is running at `localhost:3306`.
[2026-08-06 12:21:33] [INFO]: [0mGET /api/vehicles [31m500[0m 4101.554 ms - 1765[0m
[2026-08-06 12:30:39] [ERROR]: GET /api/vehicles - Error: 
Invalid `prisma.vehicles.findMany()` invocation in
D:\AutoRent\backend\src\repositories\vehicle.repository.ts:53:23

  50 
  51 static async findAll(options: { skip?: number; take?: number; orderBy?: any; where?: any }) {
  52   const [vehicles, total] = await Promise.all([
→ 53     prisma.vehicles.findMany(
Can't reach database server at `localhost:3306`

Please make sure your database server is running at `localhost:3306`.
[2026-08-06 12:30:39] [INFO]: [0mGET /api/vehicles [31m500[0m 4059.530 ms - 1765[0m
[2026-08-06 12:47:16] [ERROR]: GET /api/vehicles - Error: 
Invalid `prisma.vehicles.findMany()` invocation in
D:\AutoRent\backend\src\repositories\vehicle.repository.ts:53:23

  50 
  51 static async findAll(options: { skip?: number; take?: number; orderBy?: any; where?: any }) {
  52   const [vehicles, total] = await Promise.all([
→ 53     prisma.vehicles.findMany(
Can't reach database server at `localhost:3306`

Please make sure your database server is running at `localhost:3306`.
[2026-08-06 12:47:16] [INFO]: [0mGET /api/vehicles [31m500[0m 4095.175 ms - 1765[0m
[2026-08-06 12:47:21] [ERROR]: GET /api/vehicles - Error: 
Invalid `prisma.vehicles.findMany()` invocation in
D:\AutoRent\backend\src\repositories\vehicle.repository.ts:53:23

  50 
  51 static async findAll(options: { skip?: number; take?: number; orderBy?: any; where?: any }) {
  52   const [vehicles, total] = await Promise.all([
→ 53     prisma.vehicles.findMany(
Can't reach database server at `localhost:3306`

Please make sure your database server is running at `localhost:3306`.
[2026-08-06 12:47:21] [INFO]: [0mGET /api/vehicles [31m500[0m 4115.858 ms - 1765[0m
[2026-08-06 13:00:11] [ERROR]: POST /api/auth/login - Error: 
Invalid `prisma.users.findUnique()` invocation in
D:\AutoRent\backend\src\services\auth.service.ts:70:37

  67 }
  68 
  69 static async login(email: string, password_hash: string) {
→ 70   const user = await prisma.users.findUnique(
Can't reach database server at `localhost:3306`

Please make sure your database server is running at `localhost:3306`.
[2026-08-06 13:00:11] [INFO]: [0mPOST /api/auth/login [31m500[0m 4088.667 ms - 1438[0m
[2026-08-06 13:00:12] [ERROR]: GET /api/dashboard/stats - Error: Vui lòng cung cấp token xác thực
[2026-08-06 13:00:12] [INFO]: [0mGET /api/dashboard/stats [33m401[0m 4.640 ms - 68[0m
[2026-08-06 13:00:12] [ERROR]: GET /api/bookings - Error: Vui lòng cung cấp token xác thực
[2026-08-06 13:00:12] [INFO]: [0mGET /api/bookings [33m401[0m 2.156 ms - 68[0m
[2026-08-06 13:00:12] [ERROR]: GET /api/dashboard/stats - Error: Vui lòng cung cấp token xác thực
[2026-08-06 13:00:12] [INFO]: [0mGET /api/dashboard/stats [33m401[0m 2.583 ms - 68[0m
[2026-08-06 13:00:12] [ERROR]: GET /api/bookings - Error: Vui lòng cung cấp token xác thực
[2026-08-06 13:00:12] [INFO]: [0mGET /api/bookings [33m401[0m 4.932 ms - 68[0m
[2026-08-06 13:00:31] [ERROR]: GET /api/vehicles - Error: 
Invalid `prisma.vehicles.findMany()` invocation in
D:\AutoRent\backend\src\repositories\vehicle.repository.ts:53:23

  50 
  51 static async findAll(options: { skip?: number; take?: number; orderBy?: any; where?: any }) {
  52   const [vehicles, total] = await Promise.all([
→ 53     prisma.vehicles.findMany(
Can't reach database server at `localhost:3306`

Please make sure your database server is running at `localhost:3306`.
[2026-08-06 13:00:31] [INFO]: [0mGET /api/vehicles [31m500[0m 4088.756 ms - 1765[0m
[2026-08-06 13:00:34] [ERROR]: GET /api/bookings - Error: Vui lòng cung cấp token xác thực
[2026-08-06 13:00:34] [INFO]: [0mGET /api/bookings [33m401[0m 1.498 ms - 68[0m
[2026-08-06 13:00:34] [ERROR]: GET /api/bookings - Error: Vui lòng cung cấp token xác thực
[2026-08-06 13:00:34] [INFO]: [0mGET /api/bookings [33m401[0m 1.639 ms - 68[0m
[2026-08-06 13:00:35] [ERROR]: GET /api/users - Error: Vui lòng cung cấp token xác thực
[2026-08-06 13:00:35] [INFO]: [0mGET /api/users [33m401[0m 3.174 ms - 68[0m
[2026-08-06 13:00:35] [ERROR]: GET /api/users - Error: Vui lòng cung cấp token xác thực
[2026-08-06 13:00:35] [INFO]: [0mGET /api/users [33m401[0m 3.060 ms - 68[0m
[2026-08-06 13:00:35] [ERROR]: GET /api/vehicles - Error: 
Invalid `prisma.vehicles.findMany()` invocation in
D:\AutoRent\backend\src\repositories\vehicle.repository.ts:53:23

  50 
  51 static async findAll(options: { skip?: number; take?: number; orderBy?: any; where?: any }) {
  52   const [vehicles, total] = await Promise.all([
→ 53     prisma.vehicles.findMany(
Can't reach database server at `localhost:3306`

Please make sure your database server is running at `localhost:3306`.
[2026-08-06 13:00:35] [INFO]: [0mGET /api/vehicles [31m500[0m 4029.709 ms - 1765[0m
[2026-08-06 13:00:36] [ERROR]: GET /api/dashboard/stats - Error: Vui lòng cung cấp token xác thực
[2026-08-06 13:00:36] [INFO]: [0mGET /api/dashboard/stats [33m401[0m 1.825 ms - 68[0m
[2026-08-06 13:00:36] [ERROR]: GET /api/dashboard/stats - Error: Vui lòng cung cấp token xác thực
[2026-08-06 13:00:36] [INFO]: [0mGET /api/dashboard/stats [33m401[0m 1.819 ms - 68[0m
[2026-08-06 13:01:07] [ERROR]: POST /api/auth/login - Error: 
Invalid `prisma.users.findUnique()` invocation in
D:\AutoRent\backend\src\services\auth.service.ts:70:37

  67 }
  68 
  69 static async login(email: string, password_hash: string) {
→ 70   const user = await prisma.users.findUnique(
Can't reach database server at `localhost:3306`

Please make sure your database server is running at `localhost:3306`.
[2026-08-06 13:01:07] [INFO]: [0mPOST /api/auth/login [31m500[0m 4054.816 ms - 1438[0m
[2026-08-06 13:01:17] [ERROR]: GET /api/bookings - Error: Vui lòng cung cấp token xác thực
[2026-08-06 13:01:17] [INFO]: [0mGET /api/bookings [33m401[0m 1.374 ms - 68[0m
[2026-08-06 13:01:17] [ERROR]: GET /api/bookings - Error: Vui lòng cung cấp token xác thực
[2026-08-06 13:01:17] [INFO]: [0mGET /api/bookings [33m401[0m 2.141 ms - 68[0m
[2026-08-06 13:01:19] [ERROR]: GET /api/contracts - Error: Vui lòng cung cấp token xác thực
[2026-08-06 13:01:19] [INFO]: [0mGET /api/contracts [33m401[0m 2.423 ms - 68[0m
[2026-08-06 13:01:19] [ERROR]: GET /api/contracts - Error: Vui lòng cung cấp token xác thực
[2026-08-06 13:01:19] [INFO]: [0mGET /api/contracts [33m401[0m 2.633 ms - 68[0m
[2026-08-06 13:03:00] [ERROR]: GET /api/contracts - Error: Vui lòng cung cấp token xác thực
[2026-08-06 13:03:00] [INFO]: [0mGET /api/contracts [33m401[0m 1.522 ms - 68[0m
[2026-08-06 13:03:00] [ERROR]: GET /api/contracts - Error: Vui lòng cung cấp token xác thực
[2026-08-06 13:03:00] [INFO]: [0mGET /api/contracts [33m401[0m 1.138 ms - 68[0m
[2026-08-11 15:29:07] [INFO]: Swagger API documentation initialized under /api-docs
[2026-08-11 15:29:07] [INFO]: Server started successfully on port 5000 in development mode
[2026-08-11 15:29:41] [ERROR]: GET /api/vehicles - Error: 
Invalid `prisma.vehicles.findMany()` invocation in
D:\AutoRent\backend\src\repositories\vehicle.repository.ts:53:23

  50 
  51 static async findAll(options: { skip?: number; take?: number; orderBy?: any; where?: any }) {
  52   const [vehicles, total] = await Promise.all([
→ 53     prisma.vehicles.findMany(
Can't reach database server at `localhost:3306`

Please make sure your database server is running at `localhost:3306`.
[2026-08-11 15:29:41] [INFO]: [0mGET /api/vehicles [31m500[0m 4131.386 ms - 1765[0m
[2026-08-11 15:29:45] [ERROR]: GET /api/vehicles - Error: 
Invalid `prisma.vehicles.findMany()` invocation in
D:\AutoRent\backend\src\repositories\vehicle.repository.ts:53:23

  50 
  51 static async findAll(options: { skip?: number; take?: number; orderBy?: any; where?: any }) {
  52   const [vehicles, total] = await Promise.all([
→ 53     prisma.vehicles.findMany(
Can't reach database server at `localhost:3306`

Please make sure your database server is running at `localhost:3306`.
[2026-08-11 15:29:45] [INFO]: [0mGET /api/vehicles [31m500[0m 4072.267 ms - 1765[0m
[2026-08-11 15:33:25] [INFO]: Swagger API documentation initialized under /api-docs
[2026-08-11 15:33:25] [INFO]: [0mGET / [32m200[0m 7.437 ms - 137[0m
[2026-08-11 15:33:29] [INFO]: [0mGET /api/health [31m500[0m 4107.284 ms - 293[0m
[2026-08-11 15:33:33] [ERROR]: POST /api/auth/login - Error: 
Invalid `prisma.users.findUnique()` invocation:


Can't reach database server at `localhost:3306`

Please make sure your database server is running at `localhost:3306`.
[2026-08-11 15:33:33] [INFO]: [0mPOST /api/auth/login [31m500[0m 4080.986 ms - 1056[0m
[2026-08-11 15:35:09] [INFO]: Swagger API documentation initialized under /api-docs
[2026-08-11 15:35:09] [INFO]: Server started successfully on port 5000 in development mode
[2026-08-11 15:35:16] [INFO]: Swagger API documentation initialized under /api-docs
[2026-08-11 15:35:16] [INFO]: Server started successfully on port 5000 in development mode
[2026-08-11 15:35:40] [INFO]: Swagger API documentation initialized under /api-docs
[2026-08-11 15:35:40] [INFO]: [0mGET / [32m200[0m 3.831 ms - 137[0m
[2026-08-11 15:35:44] [INFO]: [0mGET /api/health [31m500[0m 4094.910 ms - 293[0m
[2026-08-11 15:35:48] [ERROR]: POST /api/auth/login - Error: 
Invalid `prisma.users.findUnique()` invocation:


Can't reach database server at `localhost:3306`

Please make sure your database server is running at `localhost:3306`.
[2026-08-11 15:35:48] [INFO]: [0mPOST /api/auth/login [31m503[0m 4084.249 ms - 129[0m
[2026-08-11 23:29:28] [INFO]: Swagger API documentation initialized under /api-docs
[2026-08-11 23:29:28] [INFO]: Server started successfully on port 5000 in development mode
[2026-08-11 23:29:51] [INFO]: [0mGET /api/health [32m200[0m 8.916 ms - 109[0m
[2026-08-11 23:30:17] [INFO]: [0mGET /api/vehicles [32m200[0m 18.852 ms - 6251[0m
[2026-08-11 23:31:23] [INFO]: [0mGET /api/vehicles [32m200[0m 17.987 ms - 6250[0m
[2026-08-11 23:31:24] [INFO]: [0mGET /api/vehicles [36m304[0m 40.118 ms - -[0m
[2026-08-11 23:32:06] [INFO]: [AUTH] User logged in: admin@autorent.vn
[2026-08-11 23:32:06] [INFO]: [0mPOST /api/auth/login [32m200[0m 225.062 ms - 544[0m
[2026-08-11 23:32:06] [INFO]: [0mGET /api/bookings [32m200[0m 21.469 ms - 5431[0m
[2026-08-11 23:32:06] [INFO]: [0mGET /api/bookings [36m304[0m 18.851 ms - -[0m
[2026-08-11 23:32:06] [INFO]: [0mGET /api/dashboard/stats [32m200[0m 100.619 ms - 4432[0m
[2026-08-11 23:32:07] [INFO]: [0mGET /api/dashboard/stats [36m304[0m 46.846 ms - -[0m
[2026-08-11 23:32:37] [INFO]: [0mGET /api/vehicles [36m304[0m 12.386 ms - -[0m
[2026-08-11 23:32:37] [INFO]: [0mGET /api/vehicles [36m304[0m 9.546 ms - -[0m
[2026-08-11 23:32:58] [INFO]: [0mGET /api/bookings [36m304[0m 15.057 ms - -[0m
[2026-08-11 23:32:58] [INFO]: [0mGET /api/bookings [36m304[0m 14.232 ms - -[0m
[2026-08-11 23:33:29] [INFO]: [0mGET /api/bookings [36m304[0m 8.763 ms - -[0m
[2026-08-11 23:33:29] [INFO]: [0mGET /api/bookings [36m304[0m 9.292 ms - -[0m
[2026-08-11 23:33:29] [INFO]: [0mGET /api/dashboard/stats [36m304[0m 41.031 ms - -[0m
[2026-08-11 23:33:29] [INFO]: [0mGET /api/dashboard/stats [36m304[0m 28.734 ms - -[0m
[2026-08-11 23:33:52] [INFO]: [0mGET /api/vehicles [36m304[0m 7.949 ms - -[0m
[2026-08-11 23:33:52] [INFO]: [0mGET /api/vehicles [36m304[0m 5.626 ms - -[0m
[2026-08-11 23:34:10] [INFO]: [0mGET /api/bookings [36m304[0m 14.381 ms - -[0m
[2026-08-11 23:34:10] [INFO]: [0mGET /api/bookings [36m304[0m 12.158 ms - -[0m
[2026-08-11 23:34:10] [INFO]: [0mGET /api/dashboard/stats [36m304[0m 58.211 ms - -[0m
[2026-08-11 23:34:10] [INFO]: [0mGET /api/dashboard/stats [36m304[0m 43.994 ms - -[0m
[2026-08-11 23:34:59] [INFO]: [AUTH] Token logged out / revoked
[2026-08-11 23:34:59] [INFO]: [0mPOST /api/auth/logout [32m200[0m 29.202 ms - 55[0m
[2026-08-11 23:35:31] [INFO]: [AUTH] User logged in: nguyenvana@gmail.com
[2026-08-11 23:35:31] [INFO]: [0mPOST /api/auth/login [32m200[0m 137.224 ms - 555[0m
[2026-08-11 23:35:32] [ERROR]: GET /api/users/3 - Error: Bạn không có quyền thực hiện hành động này
[2026-08-11 23:35:32] [INFO]: [0mGET /api/users/3 [33m403[0m 8.915 ms - 87[0m
[2026-08-11 23:35:32] [ERROR]: GET /api/users/3 - Error: Bạn không có quyền thực hiện hành động này
[2026-08-11 23:35:32] [INFO]: [0mGET /api/users/3 [33m403[0m 5.282 ms - 87[0m
[2026-08-11 23:35:32] [INFO]: [0mGET /api/bookings [32m200[0m 21.819 ms - 3793[0m
[2026-08-11 23:35:32] [INFO]: [0mGET /api/bookings [36m304[0m 16.922 ms - -[0m
[2026-08-11 23:35:48] [INFO]: [0mGET /api/vehicles [36m304[0m 11.646 ms - -[0m
[2026-08-11 23:35:48] [INFO]: [0mGET /api/vehicles [36m304[0m 13.015 ms - -[0m
[2026-08-11 23:36:39] [INFO]: [0mGET /api/bookings [36m304[0m 12.918 ms - -[0m
[2026-08-11 23:36:39] [INFO]: [0mGET /api/bookings [36m304[0m 12.590 ms - -[0m
[2026-08-11 23:37:01] [INFO]: [0mGET /api/vehicles [36m304[0m 9.484 ms - -[0m
[2026-08-11 23:37:01] [INFO]: [0mGET /api/vehicles [36m304[0m 9.297 ms - -[0m
[2026-08-11 23:37:59] [INFO]: [0mGET /api/vehicles [32m200[0m 6.414 ms - 6250[0m
[2026-08-11 23:38:31] [INFO]: Swagger API documentation initialized under /api-docs
[2026-08-11 23:38:31] [INFO]: Server started successfully on port 5000 in development mode
[2026-08-11 23:38:47] [INFO]: [0mGET /api/vehicles [32m200[0m 49.134 ms - 5901[0m
[2026-08-11 23:39:03] [INFO]: [AUTH] User logged in: nguyenvana@gmail.com
[2026-08-11 23:39:03] [INFO]: [0mPOST /api/auth/login [32m200[0m 113.379 ms - 555[0m
[2026-08-11 23:39:03] [INFO]: [0mGET /api/vehicles [32m200[0m 6.181 ms - 5901[0m
[2026-08-11 23:39:34] [INFO]: [0mGET /api/vehicles [36m304[0m 8.803 ms - -[0m
[2026-08-11 23:39:34] [INFO]: [0mGET /api/vehicles [36m304[0m 6.699 ms - -[0m
[2026-08-11 23:39:46] [INFO]: [0mGET /api/vehicles [32m200[0m 5.177 ms - 5901[0m
[2026-08-11 23:39:53] [INFO]: [AUTH] User logged in: admin@autorent.vn
[2026-08-11 23:39:53] [INFO]: [0mPOST /api/auth/login [32m200[0m 98.648 ms - 544[0m
[2026-08-11 23:39:53] [INFO]: [0mGET /api/bookings [32m200[0m 13.260 ms - 4861[0m
[2026-08-11 23:40:03] [INFO]: [AUTH] User logged in: admin@autorent.vn
[2026-08-11 23:40:03] [INFO]: [0mPOST /api/auth/login [32m200[0m 111.309 ms - 544[0m
[2026-08-11 23:40:04] [INFO]: [0mGET /api/stats/admin [33m404[0m 1.750 ms - 154[0m
[2026-08-12 15:20:26] [INFO]: Swagger API documentation initialized under /api-docs
[2026-08-12 15:20:26] [INFO]: Server started successfully on port 5000 in development mode
[2026-08-12 15:36:59] [INFO]: Swagger API documentation initialized under /api-docs
[2026-08-12 15:36:59] [INFO]: [0mGET / [32m200[0m 2.163 ms - 137[0m
[2026-08-12 15:36:59] [INFO]: [0mGET /api/health [32m200[0m 59.143 ms - 109[0m
[2026-08-12 15:36:59] [ERROR]: POST /api/auth/login - Error: Email hoặc mật khẩu không chính xác
[2026-08-12 15:36:59] [INFO]: [0mPOST /api/auth/login [33m401[0m 61.144 ms - 74[0m
[2026-08-12 15:42:55] [INFO]: Swagger API documentation initialized under /api-docs
[2026-08-12 15:42:55] [INFO]: Server started successfully on port 5000 in development mode
[2026-08-12 15:43:48] [INFO]: Swagger API documentation initialized under /api-docs
[2026-08-12 15:43:48] [INFO]: Server started successfully on port 5000 in development mode
[2026-08-12 15:45:02] [INFO]: Swagger API documentation initialized under /api-docs
[2026-08-12 15:45:02] [INFO]: Server started successfully on port 5000 in development mode
[2026-08-12 15:49:26] [INFO]: [0mGET /api/vehicles [32m200[0m 25.434 ms - 6039[0m
[2026-08-12 15:49:26] [INFO]: [0mGET /api/vehicles [36m304[0m 5.717 ms - -[0m
[2026-08-12 15:50:23] [INFO]: [0mGET /api/vehicles [36m304[0m 15.528 ms - -[0m
[2026-08-12 15:50:23] [INFO]: [0mGET /api/vehicles [36m304[0m 10.407 ms - -[0m
[2026-08-12 15:59:29] [INFO]: Swagger API documentation initialized under /api-docs
[2026-08-12 15:59:29] [INFO]: Server started successfully on port 5000 in development mode
[2026-08-12 15:59:32] [INFO]: Swagger API documentation initialized under /api-docs
[2026-08-12 15:59:32] [INFO]: Server started successfully on port 5000 in development mode
[2026-08-12 18:16:12] [INFO]: [0mGET /api/vehicles [32m200[0m 59.251 ms - 9316[0m
[2026-08-12 18:16:12] [INFO]: [0mGET /api/vehicles [36m304[0m 11.514 ms - -[0m
[2026-08-12 18:16:24] [INFO]: [0mGET /api/vehicles [36m304[0m 6.685 ms - -[0m
[2026-08-12 18:16:24] [INFO]: [0mGET /api/vehicles [36m304[0m 7.009 ms - -[0m
[2026-08-12 18:16:33] [INFO]: [0mGET /api/vehicles/17 [32m200[0m 9.131 ms - 1002[0m
[2026-08-12 18:16:33] [INFO]: [0mGET /api/vehicles/17 [36m304[0m 5.940 ms - -[0m
[2026-08-12 18:16:37] [INFO]: [0mGET /api/vehicles [36m304[0m 5.732 ms - -[0m
[2026-08-12 18:16:37] [INFO]: [0mGET /api/vehicles [36m304[0m 7.478 ms - -[0m
[2026-08-12 18:16:41] [INFO]: [0mGET /api/vehicles [36m304[0m 6.746 ms - -[0m
[2026-08-12 18:16:41] [INFO]: [0mGET /api/vehicles [36m304[0m 9.092 ms - -[0m
[2026-08-12 18:17:51] [INFO]: [0mGET /api/vehicles [36m304[0m 7.293 ms - -[0m
[2026-08-12 18:17:51] [INFO]: [0mGET /api/vehicles [36m304[0m 12.068 ms - -[0m
[2026-08-12 18:17:55] [INFO]: [0mGET /api/vehicles [36m304[0m 5.837 ms - -[0m
[2026-08-12 18:17:55] [INFO]: [0mGET /api/vehicles [36m304[0m 9.360 ms - -[0m
[2026-08-12 18:31:33] [INFO]: [0mGET /api/vehicles [36m304[0m 11.600 ms - -[0m
[2026-08-12 18:31:33] [INFO]: [0mGET /api/vehicles [36m304[0m 11.618 ms - -[0m
[2026-08-12 18:36:24] [INFO]: [0mGET /api/vehicles [36m304[0m 7.457 ms - -[0m
[2026-08-12 18:36:24] [INFO]: [0mGET /api/vehicles [36m304[0m 9.582 ms - -[0m
[2026-08-12 20:10:23] [INFO]: [0mGET /api/vehicles [36m304[0m 38.127 ms - -[0m
[2026-08-12 20:10:23] [INFO]: [0mGET /api/vehicles [36m304[0m 10.724 ms - -[0m
[2026-08-12 20:10:26] [INFO]: [0mGET /api/vehicles [36m304[0m 5.886 ms - -[0m
[2026-08-12 20:10:26] [INFO]: [0mGET /api/vehicles [36m304[0m 10.843 ms - -[0m
[2026-08-12 20:10:28] [INFO]: [0mGET /api/vehicles [36m304[0m 8.053 ms - -[0m
[2026-08-12 20:10:28] [INFO]: [0mGET /api/vehicles [36m304[0m 6.645 ms - -[0m
[2026-08-12 20:10:45] [INFO]: [0mGET /api/vehicles [36m304[0m 5.863 ms - -[0m
[2026-08-12 20:10:45] [INFO]: [0mGET /api/vehicles [36m304[0m 5.591 ms - -[0m
[2026-08-12 20:10:51] [INFO]: [0mGET /api/vehicles [36m304[0m 5.280 ms - -[0m
[2026-08-12 20:10:51] [INFO]: [0mGET /api/vehicles [36m304[0m 5.795 ms - -[0m
[2026-08-12 20:29:36] [INFO]: [0mGET /api/vehicles [36m304[0m 10.307 ms - -[0m
[2026-08-12 20:29:36] [INFO]: [0mGET /api/vehicles [36m304[0m 23.066 ms - -[0m
[2026-08-14 22:13:12] [INFO]: Swagger API documentation initialized under /api-docs
[2026-08-14 22:13:12] [INFO]: Server started successfully on port 5000 in development mode
[2026-08-14 23:00:07] [ERROR]: GET /api/vehicles - Error: 
Invalid `prisma.vehicles.findMany()` invocation in
D:\AutoRent\backend\src\repositories\vehicle.repository.ts:53:23

  50 
  51 static async findAll(options: { skip?: number; take?: number; orderBy?: any; where?: any }) {
  52   const [vehicles, total] = await Promise.all([
→ 53     prisma.vehicles.findMany(
Can't reach database server at `127.0.0.1:3306`

Please make sure your database server is running at `127.0.0.1:3306`.
[2026-08-14 23:00:07] [INFO]: [0mGET /api/vehicles [31m503[0m 2111.245 ms - 129[0m
[2026-08-14 23:00:09] [ERROR]: GET /api/vehicles - Error: 
Invalid `prisma.vehicles.findMany()` invocation in
D:\AutoRent\backend\src\repositories\vehicle.repository.ts:53:23

  50 
  51 static async findAll(options: { skip?: number; take?: number; orderBy?: any; where?: any }) {
  52   const [vehicles, total] = await Promise.all([
→ 53     prisma.vehicles.findMany(
Can't reach database server at `127.0.0.1:3306`

Please make sure your database server is running at `127.0.0.1:3306`.
[2026-08-14 23:00:09] [INFO]: [0mGET /api/vehicles [31m503[0m 2081.932 ms - 129[0m
[2026-08-14 23:00:18] [ERROR]: GET /api/vehicles - Error: 
Invalid `prisma.vehicles.findMany()` invocation in
D:\AutoRent\backend\src\repositories\vehicle.repository.ts:53:23

  50 
  51 static async findAll(options: { skip?: number; take?: number; orderBy?: any; where?: any }) {
  52   const [vehicles, total] = await Promise.all([
→ 53     prisma.vehicles.findMany(
Can't reach database server at `127.0.0.1:3306`

Please make sure your database server is running at `127.0.0.1:3306`.
[2026-08-14 23:00:18] [INFO]: [0mGET /api/vehicles [31m503[0m 2059.914 ms - 129[0m
[2026-08-14 23:00:20] [ERROR]: GET /api/vehicles - Error: 
Invalid `prisma.vehicles.findMany()` invocation in
D:\AutoRent\backend\src\repositories\vehicle.repository.ts:53:23

  50 
  51 static async findAll(options: { skip?: number; take?: number; orderBy?: any; where?: any }) {
  52   const [vehicles, total] = await Promise.all([
→ 53     prisma.vehicles.findMany(
Can't reach database server at `127.0.0.1:3306`

Please make sure your database server is running at `127.0.0.1:3306`.
[2026-08-14 23:00:20] [INFO]: [0mGET /api/vehicles [31m503[0m 2027.188 ms - 129[0m
[2026-08-16 23:52:50] [INFO]: Swagger API documentation initialized under /api-docs
[2026-08-16 23:52:50] [INFO]: Server started successfully on port 5000 in development mode
[2026-08-16 23:53:04] [INFO]: [0mGET / [32m200[0m 1.651 ms - 144[0m
[2026-08-16 23:53:08] [INFO]: [0mGET /api/vehicles [32m200[0m 28.645 ms - 9523[0m
[2026-08-16 23:58:41] [INFO]: [0mGET /api/vehicles [32m200[0m 11.185 ms - 9523[0m
[2026-08-16 23:58:41] [INFO]: [0mGET /api/vehicles [36m304[0m 8.649 ms - -[0m
[2026-08-16 23:58:57] [INFO]: [0mGET /api/vehicles [36m304[0m 6.703 ms - -[0m
[2026-08-16 23:58:57] [INFO]: [0mGET /api/vehicles [36m304[0m 6.184 ms - -[0m
[2026-08-17 00:00:23] [INFO]: [AUTH] User logged in: admin@autorent.vn
[2026-08-17 00:00:23] [INFO]: [0mPOST /api/auth/login [32m200[0m 192.296 ms - 647[0m
[2026-08-17 00:00:23] [INFO]: [0mGET /api/bookings [32m200[0m 24.323 ms - 15665[0m
[2026-08-17 00:00:23] [INFO]: [0mGET /api/bookings [36m304[0m 19.219 ms - -[0m
[2026-08-17 00:00:23] [INFO]: [0mGET /api/dashboard/stats [32m200[0m 118.809 ms - 6734[0m
[2026-08-17 00:00:24] [INFO]: [0mGET /api/dashboard/stats [36m304[0m 117.590 ms - -[0m
[2026-08-17 00:00:35] [INFO]: [0mGET /api/bookings [36m304[0m 14.329 ms - -[0m
[2026-08-17 00:00:35] [INFO]: [0mGET /api/bookings [36m304[0m 13.745 ms - -[0m
[2026-08-17 00:00:35] [INFO]: [0mGET /api/dashboard/stats [36m304[0m 50.898 ms - -[0m
[2026-08-17 00:00:35] [INFO]: [0mGET /api/dashboard/stats [36m304[0m 38.652 ms - -[0m
[2026-08-17 00:00:40] [INFO]: [AUTH] Token logged out / revoked
[2026-08-17 00:00:40] [INFO]: [0mPOST /api/auth/logout [32m200[0m 26.495 ms - 55[0m
[2026-08-17 00:00:48] [INFO]: [0mGET /api/vehicles [36m304[0m 7.343 ms - -[0m
[2026-08-17 00:00:48] [INFO]: [0mGET /api/vehicles [36m304[0m 6.368 ms - -[0m
[2026-08-17 00:00:49] [INFO]: [0mGET /api/vehicles [36m304[0m 4.672 ms - -[0m
[2026-08-17 00:00:49] [INFO]: [0mGET /api/vehicles [36m304[0m 7.832 ms - -[0m
[2026-08-17 00:00:52] [INFO]: [0mGET /api/vehicles/28 [32m200[0m 5.013 ms - 1002[0m
[2026-08-17 00:00:52] [INFO]: [0mGET /api/vehicles/28 [36m304[0m 5.429 ms - -[0m
[2026-08-17 00:01:27] [INFO]: [AUTH] User logged in: admin@autorent.vn
[2026-08-17 00:01:27] [INFO]: [0mPOST /api/auth/login [32m200[0m 97.464 ms - 647[0m
[2026-08-17 00:01:27] [INFO]: [0mGET /api/vehicles/28 [36m304[0m 4.902 ms - -[0m
[2026-08-17 00:01:27] [INFO]: [0mGET /api/vehicles/28 [36m304[0m 6.783 ms - -[0m
[2026-08-17 00:01:27] [INFO]: [0mGET /api/bookings [36m304[0m 13.343 ms - -[0m
[2026-08-17 00:01:27] [INFO]: [0mGET /api/bookings [36m304[0m 14.635 ms - -[0m
[2026-08-17 00:01:27] [INFO]: [0mGET /api/dashboard/stats [36m304[0m 60.276 ms - -[0m
[2026-08-17 00:01:27] [INFO]: [0mGET /api/dashboard/stats [36m304[0m 44.156 ms - -[0m
[2026-08-17 00:01:36] [INFO]: [0mGET /api/vehicles [36m304[0m 5.985 ms - -[0m
[2026-08-17 00:01:36] [INFO]: [0mGET /api/vehicles [36m304[0m 6.244 ms - -[0m
[2026-08-17 00:01:39] [INFO]: [0mGET /api/bookings [36m304[0m 8.729 ms - -[0m
[2026-08-17 00:01:39] [INFO]: [0mGET /api/bookings [36m304[0m 8.615 ms - -[0m
[2026-08-17 00:01:39] [INFO]: [0mGET /api/dashboard/stats [36m304[0m 43.386 ms - -[0m
[2026-08-17 00:01:39] [INFO]: [0mGET /api/dashboard/stats [36m304[0m 32.245 ms - -[0m
[2026-08-17 00:03:10] [INFO]: [0mGET /api/users [32m200[0m 9.329 ms - 7928[0m
[2026-08-17 00:03:10] [INFO]: [0mGET /api/users [36m304[0m 7.953 ms - -[0m
[2026-08-17 00:03:10] [INFO]: [0mGET /api/users [36m304[0m 11.457 ms - -[0m
[2026-08-17 00:03:10] [INFO]: [0mGET /api/users [36m304[0m 10.218 ms - -[0m
[2026-08-17 00:03:11] [INFO]: [0mGET /api/vehicles [36m304[0m 5.363 ms - -[0m
[2026-08-17 00:03:11] [INFO]: [0mGET /api/vehicles [36m304[0m 8.547 ms - -[0m
[2026-08-17 00:03:12] [INFO]: [0mGET /api/bookings [36m304[0m 10.129 ms - -[0m
[2026-08-17 00:03:12] [INFO]: [0mGET /api/bookings [36m304[0m 10.779 ms - -[0m
[2026-08-17 00:03:12] [INFO]: [0mGET /api/users [36m304[0m 5.266 ms - -[0m
[2026-08-17 00:03:12] [INFO]: [0mGET /api/users [36m304[0m 8.423 ms - -[0m
[2026-08-17 00:03:13] [INFO]: [0mGET /api/dashboard/stats [36m304[0m 35.694 ms - -[0m
[2026-08-17 00:03:13] [INFO]: [0mGET /api/dashboard/stats [36m304[0m 36.332 ms - -[0m
[2026-08-17 00:03:13] [INFO]: [0mGET /api/maintenance [32m200[0m 7.373 ms - 7835[0m
[2026-08-17 00:03:13] [INFO]: [0mGET /api/maintenance [36m304[0m 6.886 ms - -[0m
[2026-08-17 00:03:14] [INFO]: [0mGET /api/contracts [32m200[0m 10.852 ms - 5497[0m
[2026-08-17 00:03:14] [INFO]: [0mGET /api/contracts [36m304[0m 8.795 ms - -[0m
[2026-08-17 00:03:16] [INFO]: [0mGET /api/bookings [36m304[0m 8.017 ms - -[0m
[2026-08-17 00:03:16] [INFO]: [0mGET /api/bookings [36m304[0m 8.724 ms - -[0m
[2026-08-17 00:03:16] [INFO]: [0mGET /api/dashboard/stats [36m304[0m 43.262 ms - -[0m
[2026-08-17 00:03:16] [INFO]: [0mGET /api/dashboard/stats [36m304[0m 35.127 ms - -[0m
[2026-08-17 00:03:19] [INFO]: [0mGET /api/contracts [36m304[0m 8.054 ms - -[0m
[2026-08-17 00:03:19] [INFO]: [0mGET /api/contracts [36m304[0m 10.478 ms - -[0m
[2026-08-17 00:03:19] [INFO]: [0mGET /api/maintenance [36m304[0m 10.782 ms - -[0m
[2026-08-17 00:03:19] [INFO]: [0mGET /api/maintenance [36m304[0m 6.813 ms - -[0m
[2026-08-17 00:03:19] [INFO]: [0mGET /api/dashboard/stats [36m304[0m 42.627 ms - -[0m
[2026-08-17 00:03:19] [INFO]: [0mGET /api/dashboard/stats [36m304[0m 39.370 ms - -[0m
[2026-08-17 00:03:19] [INFO]: [0mGET /api/users [36m304[0m 5.947 ms - -[0m
[2026-08-17 00:03:19] [INFO]: [0mGET /api/users [36m304[0m 6.114 ms - -[0m
[2026-08-17 00:03:19] [INFO]: [0mGET /api/bookings [36m304[0m 7.345 ms - -[0m
[2026-08-17 00:03:19] [INFO]: [0mGET /api/bookings [36m304[0m 12.592 ms - -[0m
[2026-08-17 00:03:20] [INFO]: [0mGET /api/vehicles [36m304[0m 9.198 ms - -[0m
[2026-08-17 00:03:20] [INFO]: [0mGET /api/vehicles [36m304[0m 9.261 ms - -[0m
[2026-08-17 00:03:20] [INFO]: [0mGET /api/users [36m304[0m 4.351 ms - -[0m
[2026-08-17 00:03:20] [INFO]: [0mGET /api/users [36m304[0m 7.218 ms - -[0m
[2026-08-17 00:03:20] [INFO]: [0mGET /api/users [36m304[0m 4.527 ms - -[0m
[2026-08-17 00:03:20] [INFO]: [0mGET /api/users [36m304[0m 9.056 ms - -[0m
[2026-08-17 00:03:20] [INFO]: [0mGET /api/bookings [36m304[0m 10.978 ms - -[0m
[2026-08-17 00:03:20] [INFO]: [0mGET /api/bookings [36m304[0m 15.649 ms - -[0m
[2026-08-17 00:03:20] [INFO]: [0mGET /api/dashboard/stats [36m304[0m 53.789 ms - -[0m
[2026-08-17 00:03:20] [INFO]: [0mGET /api/dashboard/stats [36m304[0m 38.814 ms - -[0m
[2026-08-17 00:03:22] [INFO]: [0mGET /api/bookings [36m304[0m 10.276 ms - -[0m
[2026-08-17 00:03:22] [INFO]: [0mGET /api/bookings [36m304[0m 10.924 ms - -[0m
[2026-08-17 00:03:22] [INFO]: [0mGET /api/dashboard/stats [36m304[0m 45.096 ms - -[0m
[2026-08-17 00:03:22] [INFO]: [0mGET /api/dashboard/stats [36m304[0m 40.085 ms - -[0m
[2026-08-17 00:03:27] [INFO]: [0mGET /api/vehicles [36m304[0m 4.947 ms - -[0m
[2026-08-17 00:03:27] [INFO]: [0mGET /api/vehicles [36m304[0m 4.935 ms - -[0m
[2026-08-17 00:03:30] [INFO]: [0mGET /api/bookings [36m304[0m 8.789 ms - -[0m
[2026-08-17 00:03:30] [INFO]: [0mGET /api/bookings [36m304[0m 8.228 ms - -[0m
[2026-08-17 00:03:30] [INFO]: [0mGET /api/dashboard/stats [36m304[0m 35.795 ms - -[0m
[2026-08-17 00:03:30] [INFO]: [0mGET /api/dashboard/stats [36m304[0m 26.623 ms - -[0m
[2026-08-17 00:06:50] [INFO]: [0mGET /api/vehicles [36m304[0m 8.454 ms - -[0m
[2026-08-17 00:06:50] [INFO]: [0mGET /api/vehicles [36m304[0m 9.059 ms - -[0m
[2026-08-17 00:06:54] [INFO]: [0mGET /api/bookings [36m304[0m 21.203 ms - -[0m
[2026-08-17 00:06:54] [INFO]: [0mGET /api/bookings [36m304[0m 6.538 ms - -[0m
[2026-08-17 00:06:54] [INFO]: [0mGET /api/dashboard/stats [36m304[0m 37.471 ms - -[0m
[2026-08-17 00:06:54] [INFO]: [0mGET /api/dashboard/stats [36m304[0m 34.571 ms - -[0m
[2026-08-17 00:06:55] [INFO]: [0mGET /api/users [36m304[0m 6.919 ms - -[0m
[2026-08-17 00:06:55] [INFO]: [0mGET /api/users [36m304[0m 6.294 ms - -[0m
[2026-08-17 00:06:55] [INFO]: [0mGET /api/users [36m304[0m 6.641 ms - -[0m
[2026-08-17 00:06:55] [INFO]: [0mGET /api/users [36m304[0m 4.954 ms - -[0m
[2026-08-17 00:06:59] [INFO]: [0mGET /api/vehicles [36m304[0m 4.711 ms - -[0m
[2026-08-17 00:06:59] [INFO]: [0mGET /api/vehicles [36m304[0m 6.529 ms - -[0m
[2026-08-17 00:07:00] [INFO]: [0mGET /api/bookings [36m304[0m 9.767 ms - -[0m
[2026-08-17 00:07:00] [INFO]: [0mGET /api/bookings [36m304[0m 10.534 ms - -[0m
[2026-08-17 00:07:01] [INFO]: [0mGET /api/users [36m304[0m 4.139 ms - -[0m
[2026-08-17 00:07:01] [INFO]: [0mGET /api/users [36m304[0m 6.092 ms - -[0m
[2026-08-17 00:07:02] [INFO]: [0mGET /api/dashboard/stats [36m304[0m 21.950 ms - -[0m
[2026-08-17 00:07:02] [INFO]: [0mGET /api/dashboard/stats [33m429[0m 0.580 ms - 111[0m
[2026-08-17 00:07:02] [INFO]: [0mGET /api/maintenance [33m429[0m 0.229 ms - 111[0m
[2026-08-17 00:07:02] [INFO]: [0mGET /api/maintenance [33m429[0m 0.146 ms - 111[0m
[2026-08-17 00:07:03] [INFO]: [0mGET /api/contracts [33m429[0m 0.230 ms - 111[0m
[2026-08-17 00:07:03] [INFO]: [0mGET /api/contracts [33m429[0m 0.199 ms - 111[0m
[2026-08-17 00:07:07] [INFO]: [0mGET /api/dashboard/stats [33m429[0m 0.264 ms - 111[0m
[2026-08-17 00:07:07] [INFO]: [0mGET /api/bookings [33m429[0m 0.244 ms - 111[0m
[2026-08-17 00:07:07] [INFO]: [0mGET /api/dashboard/stats [33m429[0m 0.270 ms - 111[0m
[2026-08-17 00:07:07] [INFO]: [0mGET /api/bookings [33m429[0m 0.440 ms - 111[0m
[2026-08-17 00:07:28] [INFO]: [0mGET /api/users [33m429[0m 0.298 ms - 111[0m
[2026-08-17 00:07:28] [INFO]: [0mGET /api/users [33m429[0m 0.282 ms - 111[0m
[2026-08-17 00:07:31] [INFO]: [0mGET /api/users [33m429[0m 0.190 ms - 111[0m
[2026-08-17 00:07:31] [INFO]: [0mGET /api/users [33m429[0m 0.225 ms - 111[0m
[2026-08-17 00:07:33] [INFO]: [0mGET /api/vehicles [33m429[0m 0.193 ms - 111[0m
[2026-08-17 00:07:33] [INFO]: [0mGET /api/vehicles [33m429[0m 0.233 ms - 111[0m
[2026-08-17 00:11:06] [INFO]: [0mGET /api/health [33m429[0m 0.321 ms - 111[0m
[2026-08-17 00:11:11] [INFO]: [0mGET /api/health [33m429[0m 0.231 ms - 111[0m
[2026-08-17 00:11:39] [INFO]: Swagger API documentation initialized under /api-docs
[2026-08-17 00:11:39] [INFO]: Server started successfully on port 5000 in development mode
[2026-08-17 00:11:48] [INFO]: [0mGET /api/health [32m200[0m 7.620 ms - 109[0m
[2026-08-17 00:13:01] [ERROR]: POST /api/auth/register - Error: [
  {
    "code": "invalid_type",
    "expected": "string",
    "received": "undefined",
    "path": [
      "fullName"
    ],
    "message": "Họ và tên là bắt buộc"
  }
]
[2026-08-17 00:13:01] [INFO]: [0mPOST /api/auth/register [33m400[0m 4.181 ms - 145[0m
[2026-08-17 00:13:01] [ERROR]: POST /api/auth/register - Error: [
  {
    "code": "invalid_type",
    "expected": "string",
    "received": "undefined",
    "path": [
      "fullName"
    ],
    "message": "Họ và tên là bắt buộc"
  }
]
[2026-08-17 00:13:01] [INFO]: [0mPOST /api/auth/register [33m400[0m 1.336 ms - 145[0m
[2026-08-17 00:13:01] [ERROR]: POST /api/auth/register - Error: [
  {
    "code": "invalid_type",
    "expected": "string",
    "received": "undefined",
    "path": [
      "password"
    ],
    "message": "Mật khẩu là bắt buộc"
  },
  {
    "code": "invalid_type",
    "expected": "string",
    "received": "undefined",
    "path": [
      "fullName"
    ],
    "message": "Họ và tên là bắt buộc"
  }
]
[2026-08-17 00:13:01] [INFO]: [0mPOST /api/auth/register [33m400[0m 1.047 ms - 208[0m
[2026-08-17 00:13:01] [INFO]: [AUTH] User logged in: admin@autorent.vn
[2026-08-17 00:13:01] [INFO]: [0mPOST /api/auth/login [32m200[0m 89.534 ms - 647[0m
[2026-08-17 00:13:01] [INFO]: [AUTH] User logged in: manager@autorent.vn
[2026-08-17 00:13:01] [INFO]: [0mPOST /api/auth/login [32m200[0m 100.202 ms - 657[0m
[2026-08-17 00:13:01] [INFO]: [AUTH] User logged in: nguyenvana@gmail.com
[2026-08-17 00:13:01] [INFO]: [0mPOST /api/auth/login [32m200[0m 118.592 ms - 645[0m
[2026-08-17 00:13:01] [ERROR]: POST /api/auth/login - Error: Email hoặc mật khẩu không chính xác
[2026-08-17 00:13:01] [INFO]: [0mPOST /api/auth/login [33m401[0m 96.360 ms - 74[0m
[2026-08-17 00:13:01] [ERROR]: POST /api/auth/login - Error: Email hoặc mật khẩu không chính xác
[2026-08-17 00:13:01] [INFO]: [0mPOST /api/auth/login [33m401[0m 2.786 ms - 74[0m
[2026-08-17 00:13:01] [ERROR]: GET /api/audit-logs - Error: Vui lòng cung cấp token xác thực
[2026-08-17 00:13:01] [INFO]: [0mGET /api/audit-logs [33m401[0m 1.592 ms - 68[0m
[2026-08-17 00:13:01] [ERROR]: GET /api/audit-logs - Error: Bạn không có quyền thực hiện hành động này
[2026-08-17 00:13:01] [INFO]: [0mGET /api/audit-logs [33m403[0m 6.397 ms - 87[0m
[2026-08-17 00:13:01] [INFO]: [0mGET /api/vehicles [32m200[0m 11.826 ms - 9523[0m
[2026-08-17 00:13:01] [INFO]: [0mGET /api/vehicles/1 [32m200[0m 6.945 ms - 984[0m
[2026-08-17 00:13:01] [INFO]: [0mGET /api/vehicles?status=AVAILABLE [32m200[0m 7.778 ms - 9515[0m
[2026-08-17 00:13:01] [ERROR]: POST /api/vehicles - Error: [
  {
    "code": "invalid_type",
    "expected": "string",
    "received": "undefined",
    "path": [
      "code"
    ],
    "message": "Mã xe là bắt buộc"
  }
]
[2026-08-17 00:13:01] [INFO]: [0mPOST /api/vehicles [33m400[0m 3.982 ms - 134[0m
[2026-08-17 00:13:01] [INFO]: [0mGET /api/bookings [32m200[0m 11.693 ms - 15665[0m
[2026-08-17 00:13:01] [INFO]: [BOOKING #29] Status changed to PENDING - Khởi tạo đơn đặt xe bởi khách hàng ID 5
[2026-08-17 00:13:01] [INFO]: [0mPOST /api/bookings [32m201[0m 69.343 ms - 2092[0m
[2026-08-17 00:13:01] [INFO]: [0mPATCH /api/bookings/29/status [33m404[0m 3.695 ms - 163[0m
[2026-08-17 00:13:01] [INFO]: [0mGET /api/payments [32m200[0m 7.190 ms - 3717[0m
[2026-08-17 00:13:01] [ERROR]: POST /api/payments - Error: [
  {
    "expected": "'DEPOSIT' | 'RENTAL' | 'SERVICE_FEE' | 'SURCHARGE' | 'REFUND'",
    "received": "undefined",
    "code": "invalid_type",
    "path": [
      "transaction_type"
    ],
    "message": "Loại giao dịch là bắt buộc"
  }
]
[2026-08-17 00:13:01] [INFO]: [0mPOST /api/payments [33m400[0m 4.212 ms - 158[0m
[2026-08-17 00:13:01] [INFO]: [0mGET /api/contracts [32m200[0m 8.869 ms - 5422[0m
[2026-08-17 00:13:01] [INFO]: [0mPOST /api/contracts/booking/29/sign [33m404[0m 3.223 ms - 169[0m
[2026-08-17 00:13:01] [INFO]: [0mGET /api/handover-records [32m200[0m 11.468 ms - 6152[0m
[2026-08-17 00:13:02] [INFO]: [0mGET /api/maintenance [32m200[0m 10.644 ms - 7835[0m
[2026-08-17 00:13:02] [INFO]: [0mPATCH /api/maintenance/13/complete [33m404[0m 0.460 ms - 168[0m
[2026-08-17 00:13:02] [INFO]: [0mGET /api/customer-profiles [32m200[0m 7.306 ms - 4581[0m
[2026-08-17 00:13:02] [INFO]: [0mGET /api/reviews [32m200[0m 6.759 ms - 4895[0m
[2026-08-17 00:13:02] [INFO]: [0mGET /api/notifications [32m200[0m 6.894 ms - 143[0m
[2026-08-17 00:13:02] [INFO]: [0mGET /api/dashboard/admin [33m404[0m 0.977 ms - 158[0m
[2026-08-17 00:13:02] [INFO]: [0mGET /api/users [32m200[0m 7.195 ms - 7928[0m
[2026-08-17 00:13:02] [INFO]: [0mGET /api/settings [32m200[0m 3.687 ms - 1801[0m
[2026-08-17 00:13:02] [INFO]: [0mGET /api/health [32m200[0m 2.018 ms - 109[0m
[2026-08-17 00:13:02] [INFO]: [0mGET /api/audit-logs [32m200[0m 6.649 ms - 3805[0m
[2026-08-19 18:11:03] [INFO]: Swagger API documentation initialized under /api-docs
[2026-08-19 18:11:03] [INFO]: Server started successfully on port 5000 in development mode
[2026-08-19 18:15:16] [INFO]: [0mGET /api/vehicles?limit=100 [32m200[0m 39.570 ms - 16768[0m
[2026-08-19 18:15:16] [INFO]: [0mGET /api/vehicles?limit=100 [36m304[0m 10.752 ms - -[0m
[2026-08-19 20:40:42] [INFO]: [0mGET /api/vehicles?limit=100 [36m304[0m 30.279 ms - -[0m
[2026-08-19 20:40:42] [INFO]: [0mGET /api/vehicles?limit=100 [36m304[0m 17.653 ms - -[0m
[2026-08-19 20:40:44] [INFO]: [0mGET /api/vehicles/18 [32m200[0m 9.781 ms - 990[0m
[2026-08-19 20:40:44] [INFO]: [0mGET /api/vehicles/18 [36m304[0m 5.522 ms - -[0m
[2026-08-19 20:40:47] [INFO]: [0mGET /api/vehicles?limit=100 [36m304[0m 9.890 ms - -[0m
[2026-08-19 20:40:47] [INFO]: [0mGET /api/vehicles?limit=100 [36m304[0m 15.657 ms - -[0m
[2026-08-19 20:40:49] [INFO]: [0mGET /api/vehicles/18 [36m304[0m 4.489 ms - -[0m
[2026-08-19 20:40:49] [INFO]: [0mGET /api/vehicles/18 [36m304[0m 5.423 ms - -[0m
[2026-08-19 20:44:46] [ERROR]: GET /api/bookings?limit=6 - Error: Token không hợp lệ hoặc đã hết hạn
[2026-08-19 20:44:46] [INFO]: [0mGET /api/bookings?limit=6 [33m401[0m 15.307 ms - 77[0m
[2026-08-19 20:44:46] [ERROR]: GET /api/dashboard/stats - Error: Token không hợp lệ hoặc đã hết hạn
[2026-08-19 20:44:46] [INFO]: [0mGET /api/dashboard/stats [33m401[0m 2.165 ms - 77[0m
[2026-08-19 20:44:46] [ERROR]: GET /api/bookings?limit=6 - Error: Token không hợp lệ hoặc đã hết hạn
[2026-08-19 20:44:46] [INFO]: [0mGET /api/bookings?limit=6 [33m401[0m 1.363 ms - 77[0m
[2026-08-19 20:44:46] [ERROR]: GET /api/dashboard/stats - Error: Token không hợp lệ hoặc đã hết hạn
[2026-08-19 20:44:46] [INFO]: [0mGET /api/dashboard/stats [33m401[0m 1.843 ms - 77[0m
[2026-08-19 20:44:46] [ERROR]: GET /api/dashboard/stats - Error: Token không hợp lệ hoặc đã hết hạn
[2026-08-19 20:44:46] [INFO]: [0mGET /api/dashboard/stats [33m401[0m 1.930 ms - 77[0m
[2026-08-19 20:44:46] [ERROR]: GET /api/dashboard/stats - Error: Token không hợp lệ hoặc đã hết hạn
[2026-08-19 20:44:46] [INFO]: [0mGET /api/dashboard/stats [33m401[0m 1.594 ms - 77[0m
[2026-08-19 20:44:46] [INFO]: [AUTH] Token refreshed and rotated for user: admin@autorent.vn
[2026-08-19 20:44:46] [INFO]: [0mPOST /api/auth/refresh-token [32m200[0m 53.129 ms - 439[0m
[2026-08-19 20:44:46] [INFO]: [0mGET /api/bookings?limit=6 [32m200[0m 38.681 ms - 9115[0m
[2026-08-19 20:44:46] [INFO]: [0mGET /api/bookings?limit=6 [36m304[0m 8.847 ms - -[0m
[2026-08-19 20:44:46] [INFO]: [0mGET /api/dashboard/stats [36m304[0m 70.370 ms - -[0m
[2026-08-19 20:44:46] [INFO]: [0mGET /api/dashboard/stats [36m304[0m 33.769 ms - -[0m
[2026-08-19 20:44:46] [INFO]: [0mGET /api/dashboard/stats [36m304[0m 32.406 ms - -[0m
[2026-08-19 20:44:46] [INFO]: [0mGET /api/dashboard/stats [36m304[0m 32.164 ms - -[0m
[2026-08-19 20:44:52] [INFO]: [0mGET /api/vehicles/18 [36m304[0m 4.694 ms - -[0m
[2026-08-19 20:44:53] [INFO]: [0mGET /api/vehicles/18 [36m304[0m 5.864 ms - -[0m
[2026-08-19 20:44:54] [INFO]: [0mGET /api/vehicles/18 [36m304[0m 9.674 ms - -[0m
[2026-08-19 20:44:54] [INFO]: [0mGET /api/vehicles/18 [36m304[0m 7.372 ms - -[0m
[2026-08-19 20:44:54] [INFO]: [0mGET /api/users/profile [32m200[0m 21.996 ms - 502[0m
[2026-08-19 20:44:54] [INFO]: [0mGET /api/users/profile [36m304[0m 4.083 ms - -[0m
[2026-08-19 20:44:54] [INFO]: [0mGET /api/bookings?limit=6 [36m304[0m 7.896 ms - -[0m
[2026-08-19 20:44:54] [INFO]: [0mGET /api/bookings?limit=6 [36m304[0m 7.815 ms - -[0m
[2026-08-19 20:44:54] [INFO]: [0mGET /api/dashboard/stats [36m304[0m 52.071 ms - -[0m
[2026-08-19 20:44:54] [INFO]: [0mGET /api/dashboard/stats [36m304[0m 30.994 ms - -[0m
[2026-08-19 20:44:54] [INFO]: [0mGET /api/dashboard/stats [36m304[0m 30.944 ms - -[0m
[2026-08-19 20:44:54] [INFO]: [0mGET /api/dashboard/stats [36m304[0m 32.377 ms - -[0m
[2026-08-19 20:44:59] [INFO]: [AUTH] Token logged out / revoked
[2026-08-19 20:44:59] [INFO]: [0mPOST /api/auth/logout [32m200[0m 27.106 ms - 55[0m
[2026-08-19 21:09:37] [INFO]: Swagger API documentation initialized under /api-docs
[2026-08-19 21:09:37] [INFO]: Server started successfully on port 5000 in development mode
[2026-08-19 21:11:07] [INFO]: Swagger API documentation initialized under /api-docs
[2026-08-19 21:11:07] [INFO]: Server started successfully on port 5000 in development mode
[2026-08-19 21:17:34] [INFO]: [0mGET /api/vehicles?limit=100 [36m304[0m 75.896 ms - -[0m
[2026-08-19 21:17:34] [INFO]: [0mGET /api/vehicles?limit=100 [36m304[0m 14.224 ms - -[0m
[2026-08-19 21:17:51] [INFO]: [0mGET /api/vehicles?limit=100 [36m304[0m 9.462 ms - -[0m
[2026-08-19 21:17:51] [INFO]: [0mGET /api/vehicles?limit=100 [36m304[0m 9.477 ms - -[0m
