[2026-07-13 22:14:35] [ERROR]: POST /api/auth/login - Error: Email hoặc mật khẩu không chính xác
[2026-07-13 22:15:02] [ERROR]: POST /api/auth/login - Error: Email hoặc mật khẩu không chính xác
[2026-07-13 22:15:22] [ERROR]: POST /api/auth/login - Error: Email hoặc mật khẩu không chính xác
[2026-07-13 22:16:12] [ERROR]: POST /api/auth/login - Error: Email hoặc mật khẩu không chính xác
[2026-07-13 22:17:02] [ERROR]: POST /api/auth/login - Error: Email hoặc mật khẩu không chính xác
[2026-07-13 22:54:38] [ERROR]: POST /api/auth/login - Error: Email hoặc mật khẩu không chính xác
[2026-07-13 22:56:10] [ERROR]: POST /api/auth/login - Error: Email hoặc mật khẩu không chính xác
[2026-07-13 23:15:47] [ERROR]: POST /api/auth/login - Error: Email hoặc mật khẩu không chính xác
[2026-08-06 11:48:39] [ERROR]: GET /api/vehicles - Error: 
Invalid `prisma.vehicles.findMany()` invocation in
D:\AutoRent\backend\src\repositories\vehicle.repository.ts:53:23

  50 
  51 static async findAll(options: { skip?: number; take?: number; orderBy?: any; where?: any }) {
  52   const [vehicles, total] = await Promise.all([
→ 53     prisma.vehicles.findMany(
Can't reach database server at `localhost:3306`

Please make sure your database server is running at `localhost:3306`.
[2026-08-06 11:48:43] [ERROR]: GET /api/vehicles - Error: 
Invalid `prisma.vehicles.findMany()` invocation in
D:\AutoRent\backend\src\repositories\vehicle.repository.ts:53:23

  50 
  51 static async findAll(options: { skip?: number; take?: number; orderBy?: any; where?: any }) {
  52   const [vehicles, total] = await Promise.all([
→ 53     prisma.vehicles.findMany(
Can't reach database server at `localhost:3306`

Please make sure your database server is running at `localhost:3306`.
[2026-08-06 12:13:34] [ERROR]: GET /api/vehicles - Error: 
Invalid `prisma.vehicles.findMany()` invocation in
D:\AutoRent\backend\src\repositories\vehicle.repository.ts:53:23

  50 
  51 static async findAll(options: { skip?: number; take?: number; orderBy?: any; where?: any }) {
  52   const [vehicles, total] = await Promise.all([
→ 53     prisma.vehicles.findMany(
Can't reach database server at `localhost:3306`

Please make sure your database server is running at `localhost:3306`.
[2026-08-06 12:13:38] [ERROR]: GET /api/vehicles - Error: 
Invalid `prisma.vehicles.findMany()` invocation in
D:\AutoRent\backend\src\repositories\vehicle.repository.ts:53:23

  50 
  51 static async findAll(options: { skip?: number; take?: number; orderBy?: any; where?: any }) {
  52   const [vehicles, total] = await Promise.all([
→ 53     prisma.vehicles.findMany(
Can't reach database server at `localhost:3306`

Please make sure your database server is running at `localhost:3306`.
[2026-08-06 12:19:05] [ERROR]: GET /api/vehicles - Error: 
Invalid `prisma.vehicles.findMany()` invocation in
D:\AutoRent\backend\src\repositories\vehicle.repository.ts:53:23

  50 
  51 static async findAll(options: { skip?: number; take?: number; orderBy?: any; where?: any }) {
  52   const [vehicles, total] = await Promise.all([
→ 53     prisma.vehicles.findMany(
Can't reach database server at `localhost:3306`

Please make sure your database server is running at `localhost:3306`.
[2026-08-06 12:19:09] [ERROR]: GET /api/vehicles - Error: 
Invalid `prisma.vehicles.findMany()` invocation in
D:\AutoRent\backend\src\repositories\vehicle.repository.ts:53:23

  50 
  51 static async findAll(options: { skip?: number; take?: number; orderBy?: any; where?: any }) {
  52   const [vehicles, total] = await Promise.all([
→ 53     prisma.vehicles.findMany(
Can't reach database server at `localhost:3306`

Please make sure your database server is running at `localhost:3306`.
[2026-08-06 12:20:30] [ERROR]: GET /api/vehicles - Error: 
Invalid `prisma.vehicles.findMany()` invocation in
D:\AutoRent\backend\src\repositories\vehicle.repository.ts:53:23

  50 
  51 static async findAll(options: { skip?: number; take?: number; orderBy?: any; where?: any }) {
  52   const [vehicles, total] = await Promise.all([
→ 53     prisma.vehicles.findMany(
Can't reach database server at `localhost:3306`

Please make sure your database server is running at `localhost:3306`.
[2026-08-06 12:20:39] [ERROR]: GET /api/vehicles - Error: 
Invalid `prisma.vehicles.findMany()` invocation in
D:\AutoRent\backend\src\repositories\vehicle.repository.ts:53:23

  50 
  51 static async findAll(options: { skip?: number; take?: number; orderBy?: any; where?: any }) {
  52   const [vehicles, total] = await Promise.all([
→ 53     prisma.vehicles.findMany(
Can't reach database server at `localhost:3306`

Please make sure your database server is running at `localhost:3306`.
[2026-08-06 12:20:52] [ERROR]: GET /api/vehicles - Error: 
Invalid `prisma.vehicles.findMany()` invocation in
D:\AutoRent\backend\src\repositories\vehicle.repository.ts:53:23

  50 
  51 static async findAll(options: { skip?: number; take?: number; orderBy?: any; where?: any }) {
  52   const [vehicles, total] = await Promise.all([
→ 53     prisma.vehicles.findMany(
Can't reach database server at `localhost:3306`

Please make sure your database server is running at `localhost:3306`.
[2026-08-06 12:20:57] [ERROR]: GET /api/vehicles - Error: 
Invalid `prisma.vehicles.findMany()` invocation in
D:\AutoRent\backend\src\repositories\vehicle.repository.ts:53:23

  50 
  51 static async findAll(options: { skip?: number; take?: number; orderBy?: any; where?: any }) {
  52   const [vehicles, total] = await Promise.all([
→ 53     prisma.vehicles.findMany(
Can't reach database server at `localhost:3306`

Please make sure your database server is running at `localhost:3306`.
[2026-08-06 12:21:08] [ERROR]: GET /api/vehicles - Error: 
Invalid `prisma.vehicles.findMany()` invocation in
D:\AutoRent\backend\src\repositories\vehicle.repository.ts:53:23

  50 
  51 static async findAll(options: { skip?: number; take?: number; orderBy?: any; where?: any }) {
  52   const [vehicles, total] = await Promise.all([
→ 53     prisma.vehicles.findMany(
Can't reach database server at `localhost:3306`

Please make sure your database server is running at `localhost:3306`.
[2026-08-06 12:21:33] [ERROR]: GET /api/vehicles - Error: 
Invalid `prisma.vehicles.findMany()` invocation in
D:\AutoRent\backend\src\repositories\vehicle.repository.ts:53:23

  50 
  51 static async findAll(options: { skip?: number; take?: number; orderBy?: any; where?: any }) {
  52   const [vehicles, total] = await Promise.all([
→ 53     prisma.vehicles.findMany(
Can't reach database server at `localhost:3306`

Please make sure your database server is running at `localhost:3306`.
[2026-08-06 12:30:39] [ERROR]: GET /api/vehicles - Error: 
Invalid `prisma.vehicles.findMany()` invocation in
D:\AutoRent\backend\src\repositories\vehicle.repository.ts:53:23

  50 
  51 static async findAll(options: { skip?: number; take?: number; orderBy?: any; where?: any }) {
  52   const [vehicles, total] = await Promise.all([
→ 53     prisma.vehicles.findMany(
Can't reach database server at `localhost:3306`

Please make sure your database server is running at `localhost:3306`.
[2026-08-06 12:47:16] [ERROR]: GET /api/vehicles - Error: 
Invalid `prisma.vehicles.findMany()` invocation in
D:\AutoRent\backend\src\repositories\vehicle.repository.ts:53:23

  50 
  51 static async findAll(options: { skip?: number; take?: number; orderBy?: any; where?: any }) {
  52   const [vehicles, total] = await Promise.all([
→ 53     prisma.vehicles.findMany(
Can't reach database server at `localhost:3306`

Please make sure your database server is running at `localhost:3306`.
[2026-08-06 12:47:21] [ERROR]: GET /api/vehicles - Error: 
Invalid `prisma.vehicles.findMany()` invocation in
D:\AutoRent\backend\src\repositories\vehicle.repository.ts:53:23

  50 
  51 static async findAll(options: { skip?: number; take?: number; orderBy?: any; where?: any }) {
  52   const [vehicles, total] = await Promise.all([
→ 53     prisma.vehicles.findMany(
Can't reach database server at `localhost:3306`

Please make sure your database server is running at `localhost:3306`.
[2026-08-06 13:00:11] [ERROR]: POST /api/auth/login - Error: 
Invalid `prisma.users.findUnique()` invocation in
D:\AutoRent\backend\src\services\auth.service.ts:70:37

  67 }
  68 
  69 static async login(email: string, password_hash: string) {
→ 70   const user = await prisma.users.findUnique(
Can't reach database server at `localhost:3306`

Please make sure your database server is running at `localhost:3306`.
[2026-08-06 13:00:12] [ERROR]: GET /api/dashboard/stats - Error: Vui lòng cung cấp token xác thực
[2026-08-06 13:00:12] [ERROR]: GET /api/bookings - Error: Vui lòng cung cấp token xác thực
[2026-08-06 13:00:12] [ERROR]: GET /api/dashboard/stats - Error: Vui lòng cung cấp token xác thực
[2026-08-06 13:00:12] [ERROR]: GET /api/bookings - Error: Vui lòng cung cấp token xác thực
[2026-08-06 13:00:31] [ERROR]: GET /api/vehicles - Error: 
Invalid `prisma.vehicles.findMany()` invocation in
D:\AutoRent\backend\src\repositories\vehicle.repository.ts:53:23

  50 
  51 static async findAll(options: { skip?: number; take?: number; orderBy?: any; where?: any }) {
  52   const [vehicles, total] = await Promise.all([
→ 53     prisma.vehicles.findMany(
Can't reach database server at `localhost:3306`

Please make sure your database server is running at `localhost:3306`.
[2026-08-06 13:00:34] [ERROR]: GET /api/bookings - Error: Vui lòng cung cấp token xác thực
[2026-08-06 13:00:34] [ERROR]: GET /api/bookings - Error: Vui lòng cung cấp token xác thực
[2026-08-06 13:00:35] [ERROR]: GET /api/users - Error: Vui lòng cung cấp token xác thực
[2026-08-06 13:00:35] [ERROR]: GET /api/users - Error: Vui lòng cung cấp token xác thực
[2026-08-06 13:00:35] [ERROR]: GET /api/vehicles - Error: 
Invalid `prisma.vehicles.findMany()` invocation in
D:\AutoRent\backend\src\repositories\vehicle.repository.ts:53:23

  50 
  51 static async findAll(options: { skip?: number; take?: number; orderBy?: any; where?: any }) {
  52   const [vehicles, total] = await Promise.all([
→ 53     prisma.vehicles.findMany(
Can't reach database server at `localhost:3306`

Please make sure your database server is running at `localhost:3306`.
[2026-08-06 13:00:36] [ERROR]: GET /api/dashboard/stats - Error: Vui lòng cung cấp token xác thực
[2026-08-06 13:00:36] [ERROR]: GET /api/dashboard/stats - Error: Vui lòng cung cấp token xác thực
[2026-08-06 13:01:07] [ERROR]: POST /api/auth/login - Error: 
Invalid `prisma.users.findUnique()` invocation in
D:\AutoRent\backend\src\services\auth.service.ts:70:37

  67 }
  68 
  69 static async login(email: string, password_hash: string) {
→ 70   const user = await prisma.users.findUnique(
Can't reach database server at `localhost:3306`

Please make sure your database server is running at `localhost:3306`.
[2026-08-06 13:01:17] [ERROR]: GET /api/bookings - Error: Vui lòng cung cấp token xác thực
[2026-08-06 13:01:17] [ERROR]: GET /api/bookings - Error: Vui lòng cung cấp token xác thực
[2026-08-06 13:01:19] [ERROR]: GET /api/contracts - Error: Vui lòng cung cấp token xác thực
[2026-08-06 13:01:19] [ERROR]: GET /api/contracts - Error: Vui lòng cung cấp token xác thực
[2026-08-06 13:03:00] [ERROR]: GET /api/contracts - Error: Vui lòng cung cấp token xác thực
[2026-08-06 13:03:00] [ERROR]: GET /api/contracts - Error: Vui lòng cung cấp token xác thực
[2026-08-11 15:29:41] [ERROR]: GET /api/vehicles - Error: 
Invalid `prisma.vehicles.findMany()` invocation in
D:\AutoRent\backend\src\repositories\vehicle.repository.ts:53:23

  50 
  51 static async findAll(options: { skip?: number; take?: number; orderBy?: any; where?: any }) {
  52   const [vehicles, total] = await Promise.all([
→ 53     prisma.vehicles.findMany(
Can't reach database server at `localhost:3306`

Please make sure your database server is running at `localhost:3306`.
[2026-08-11 15:29:45] [ERROR]: GET /api/vehicles - Error: 
Invalid `prisma.vehicles.findMany()` invocation in
D:\AutoRent\backend\src\repositories\vehicle.repository.ts:53:23

  50 
  51 static async findAll(options: { skip?: number; take?: number; orderBy?: any; where?: any }) {
  52   const [vehicles, total] = await Promise.all([
→ 53     prisma.vehicles.findMany(
Can't reach database server at `localhost:3306`

Please make sure your database server is running at `localhost:3306`.
[2026-08-11 15:33:33] [ERROR]: POST /api/auth/login - Error: 
Invalid `prisma.users.findUnique()` invocation:


Can't reach database server at `localhost:3306`

Please make sure your database server is running at `localhost:3306`.
[2026-08-11 15:35:48] [ERROR]: POST /api/auth/login - Error: 
Invalid `prisma.users.findUnique()` invocation:


Can't reach database server at `localhost:3306`

Please make sure your database server is running at `localhost:3306`.
[2026-08-11 23:35:32] [ERROR]: GET /api/users/3 - Error: Bạn không có quyền thực hiện hành động này
[2026-08-11 23:35:32] [ERROR]: GET /api/users/3 - Error: Bạn không có quyền thực hiện hành động này
[2026-08-12 15:36:59] [ERROR]: POST /api/auth/login - Error: Email hoặc mật khẩu không chính xác
[2026-08-14 23:00:07] [ERROR]: GET /api/vehicles - Error: 
Invalid `prisma.vehicles.findMany()` invocation in
D:\AutoRent\backend\src\repositories\vehicle.repository.ts:53:23

  50 
  51 static async findAll(options: { skip?: number; take?: number; orderBy?: any; where?: any }) {
  52   const [vehicles, total] = await Promise.all([
→ 53     prisma.vehicles.findMany(
Can't reach database server at `127.0.0.1:3306`

Please make sure your database server is running at `127.0.0.1:3306`.
[2026-08-14 23:00:09] [ERROR]: GET /api/vehicles - Error: 
Invalid `prisma.vehicles.findMany()` invocation in
D:\AutoRent\backend\src\repositories\vehicle.repository.ts:53:23

  50 
  51 static async findAll(options: { skip?: number; take?: number; orderBy?: any; where?: any }) {
  52   const [vehicles, total] = await Promise.all([
→ 53     prisma.vehicles.findMany(
Can't reach database server at `127.0.0.1:3306`

Please make sure your database server is running at `127.0.0.1:3306`.
[2026-08-14 23:00:18] [ERROR]: GET /api/vehicles - Error: 
Invalid `prisma.vehicles.findMany()` invocation in
D:\AutoRent\backend\src\repositories\vehicle.repository.ts:53:23

  50 
  51 static async findAll(options: { skip?: number; take?: number; orderBy?: any; where?: any }) {
  52   const [vehicles, total] = await Promise.all([
→ 53     prisma.vehicles.findMany(
Can't reach database server at `127.0.0.1:3306`

Please make sure your database server is running at `127.0.0.1:3306`.
[2026-08-14 23:00:20] [ERROR]: GET /api/vehicles - Error: 
Invalid `prisma.vehicles.findMany()` invocation in
D:\AutoRent\backend\src\repositories\vehicle.repository.ts:53:23

  50 
  51 static async findAll(options: { skip?: number; take?: number; orderBy?: any; where?: any }) {
  52   const [vehicles, total] = await Promise.all([
→ 53     prisma.vehicles.findMany(
Can't reach database server at `127.0.0.1:3306`

Please make sure your database server is running at `127.0.0.1:3306`.
